Component: ARM Compiler 5.06 update 1 (build 61) Tool: armlink [4d35a8]

==============================================================================

Section Cross References

    main.o(.text) refers to _printf_percent.o(.ARM.Collect$$_printf_percent$$00000000) for _printf_percent
    main.o(.text) refers to _printf_d.o(.ARM.Collect$$_printf_percent$$00000009) for _printf_d
    main.o(.text) refers to _printf_dec.o(.text) for _printf_int_dec
    main.o(.text) refers to os_sem.o(.text) for OSSemPend
    main.o(.text) refers to beep.o(.text) for Beep_on
    main.o(.text) refers to dht11.o(.text) for DHT_Read_Data
    main.o(.text) refers to gui.o(.text) for Show_Str
    main.o(.text) refers to noretval__2printf.o(.text) for __2printf
    main.o(.text) refers to stm32f10x_tim.o(.text) for TIM_SetCompare3
    main.o(.text) refers to os_task.o(.text) for OSTaskSuspend
    main.o(.text) refers to delay.o(.text) for delay_ms
    main.o(.text) refers to adc.o(.text) for Get_Adc_Average
    main.o(.text) refers to os_mbox.o(.text) for OSMboxPost
    main.o(.text) refers to led.o(.text) for led_off
    main.o(.text) refers to os_cpu_a.o(.text) for OS_CPU_SR_Save
    main.o(.text) refers to misc.o(.text) for NVIC_PriorityGroupConfig
    main.o(.text) refers to timer.o(.text) for TIM3_PWM_Init
    main.o(.text) refers to exti.o(.text) for EXTIX_Init
    main.o(.text) refers to lcd.o(.text) for LCD_Init
    main.o(.text) refers to usart.o(.text) for uart_init
    main.o(.text) refers to os_core.o(.text) for OSInit
    main.o(.text) refers to stm32f10x_gpio.o(.text) for GPIO_ReadInputDataBit
    main.o(.text) refers to stm32f10x_exti.o(.text) for EXTI_ClearITPendingBit
    main.o(.text) refers to main.o(.data) for sig2
    main.o(.text) refers to main.o(.bss) for LED0_TASK_STK
    system_stm32f10x.o(.text) refers to system_stm32f10x.o(.data) for SystemCoreClock
    led.o(.text) refers to stm32f10x_gpio.o(.text) for GPIO_SetBits
    led.o(.text) refers to stm32f10x_rcc.o(.text) for RCC_APB2PeriphClockCmd
    key.o(.text) refers to stm32f10x_rcc.o(.text) for RCC_APB2PeriphClockCmd
    key.o(.text) refers to stm32f10x_gpio.o(.text) for GPIO_Init
    key.o(.text) refers to delay.o(.text) for delay_ms
    key.o(.text) refers to key.o(.data) for key_up
    timer.o(.text) refers to stm32f10x_rcc.o(.text) for RCC_APB1PeriphClockCmd
    timer.o(.text) refers to stm32f10x_tim.o(.text) for TIM_TimeBaseInit
    timer.o(.text) refers to misc.o(.text) for NVIC_Init
    timer.o(.text) refers to stm32f10x_gpio.o(.text) for GPIO_Init
    adc.o(.text) refers to stm32f10x_rcc.o(.text) for RCC_APB2PeriphClockCmd
    adc.o(.text) refers to stm32f10x_gpio.o(.text) for GPIO_Init
    adc.o(.text) refers to stm32f10x_adc.o(.text) for ADC_DeInit
    adc.o(.text) refers to delay.o(.text) for delay_ms
    exti.o(.text) refers to key.o(.text) for KEY_Init
    exti.o(.text) refers to stm32f10x_rcc.o(.text) for RCC_APB2PeriphClockCmd
    exti.o(.text) refers to stm32f10x_gpio.o(.text) for GPIO_EXTILineConfig
    exti.o(.text) refers to stm32f10x_exti.o(.text) for EXTI_Init
    exti.o(.text) refers to misc.o(.text) for NVIC_Init
    gui.o(.text) refers to lcd.o(.text) for LCD_SetCursor
    gui.o(.text) refers to lcd.o(.bss) for lcddev
    gui.o(.text) refers to lcd.o(.data) for POINT_COLOR
    gui.o(.text) refers to gui.o(.constdata) for asc2_1206
    gui.o(.text) refers to strlen.o(.text) for strlen
    lcd.o(.text) refers to spi.o(.text) for SPI_WriteByte
    lcd.o(.text) refers to stm32f10x_rcc.o(.text) for RCC_APB2PeriphClockCmd
    lcd.o(.text) refers to stm32f10x_gpio.o(.text) for GPIO_Init
    lcd.o(.text) refers to delay.o(.text) for delay_ms
    lcd.o(.text) refers to lcd.o(.bss) for lcddev
    lcd.o(.text) refers to lcd.o(.data) for POINT_COLOR
    spi.o(.text) refers to stm32f10x_rcc.o(.text) for RCC_APB2PeriphClockCmd
    spi.o(.text) refers to stm32f10x_gpio.o(.text) for GPIO_Init
    spi.o(.text) refers to stm32f10x_spi.o(.text) for SPI_Init
    dht11.o(.text) refers to stm32f10x_rcc.o(.text) for RCC_APB2PeriphClockCmd
    dht11.o(.text) refers to stm32f10x_gpio.o(.text) for GPIO_Init
    dht11.o(.text) refers to delay.o(.text) for delay_ms
    dht11.o(.text) refers to dht11.o(.data) for BUF
    beep.o(.text) refers to stm32f10x_gpio.o(.text) for GPIO_ResetBits
    beep.o(.text) refers to stm32f10x_rcc.o(.text) for RCC_APB2PeriphClockCmd
    delay.o(.text) refers to os_core.o(.text) for OSSchedLock
    delay.o(.text) refers to os_time.o(.text) for OSTimeDly
    delay.o(.text) refers to misc.o(.text) for SysTick_CLKSourceConfig
    delay.o(.text) refers to os_core.o(.data) for OSRunning
    delay.o(.text) refers to system_stm32f10x.o(.data) for SystemCoreClock
    delay.o(.text) refers to delay.o(.data) for fac_us
    usart.o(.text) refers (Special) to use_no_semi_2.o(.text) for __use_no_semihosting
    usart.o(.text) refers to stm32f10x_rcc.o(.text) for RCC_APB2PeriphClockCmd
[...]
    .ARM.Collect$$libinit$$00000025          0x0800016c   Section        0  libinit2.o(.ARM.Collect$$libinit$$00000025)
    .ARM.Collect$$libinit$$0000002C          0x0800016c   Section        0  libinit2.o(.ARM.Collect$$libinit$$0000002C)
    .ARM.Collect$$libinit$$0000002E          0x0800016c   Section        0  libinit2.o(.ARM.Collect$$libinit$$0000002E)
    .ARM.Collect$$libinit$$00000030          0x0800016c   Section        0  libinit2.o(.ARM.Collect$$libinit$$00000030)
    .ARM.Collect$$libinit$$00000032          0x0800016c   Section        0  libinit2.o(.ARM.Collect$$libinit$$00000032)
    .ARM.Collect$$libinit$$00000033          0x0800016c   Section        2  libinit2.o(.ARM.Collect$$libinit$$00000033)
    .ARM.Collect$$libshutdown$$00000000      0x0800016e   Section        2  libshutdown.o(.ARM.Collect$$libshutdown$$00000000)
    .ARM.Collect$$libshutdown$$00000002      0x08000170   Section        0  libshutdown2.o(.ARM.Collect$$libshutdown$$00000002)
    .ARM.Collect$$libshutdown$$00000004      0x08000170   Section        0  libshutdown2.o(.ARM.Collect$$libshutdown$$00000004)
    .ARM.Collect$$libshutdown$$00000007      0x08000170   Section        0  libshutdown2.o(.ARM.Collect$$libshutdown$$00000007)
    .ARM.Collect$$libshutdown$$0000000A      0x08000170   Section        0  libshutdown2.o(.ARM.Collect$$libshutdown$$0000000A)
    .ARM.Collect$$libshutdown$$0000000C      0x08000170   Section        0  libshutdown2.o(.ARM.Collect$$libshutdown$$0000000C)
    .ARM.Collect$$libshutdown$$0000000F      0x08000170   Section        0  libshutdown2.o(.ARM.Collect$$libshutdown$$0000000F)
    .ARM.Collect$$libshutdown$$00000010      0x08000170   Section        2  libshutdown2.o(.ARM.Collect$$libshutdown$$00000010)
    .ARM.Collect$$rtentry$$00000000          0x08000172   Section        0  __rtentry.o(.ARM.Collect$$rtentry$$00000000)
    .ARM.Collect$$rtentry$$00000002          0x08000172   Section        0  __rtentry2.o(.ARM.Collect$$rtentry$$00000002)
    .ARM.Collect$$rtentry$$00000004          0x08000172   Section        6  __rtentry4.o(.ARM.Collect$$rtentry$$00000004)
    .ARM.Collect$$rtentry$$00000009          0x08000178   Section        0  __rtentry2.o(.ARM.Collect$$rtentry$$00000009)
    .ARM.Collect$$rtentry$$0000000A          0x08000178   Section        4  __rtentry2.o(.ARM.Collect$$rtentry$$0000000A)
    .ARM.Collect$$rtentry$$0000000C          0x0800017c   Section        0  __rtentry2.o(.ARM.Collect$$rtentry$$0000000C)
    .ARM.Collect$$rtentry$$0000000D          0x0800017c   Section        8  __rtentry2.o(.ARM.Collect$$rtentry$$0000000D)
    .ARM.Collect$$rtexit$$00000000           0x08000184   Section        2  rtexit.o(.ARM.Collect$$rtexit$$00000000)
    .ARM.Collect$$rtexit$$00000002           0x08000186   Section        0  rtexit2.o(.ARM.Collect$$rtexit$$00000002)
    .ARM.Collect$$rtexit$$00000003           0x08000186   Section        4  rtexit2.o(.ARM.Collect$$rtexit$$00000003)
    .ARM.Collect$$rtexit$$00000004           0x0800018a   Section        6  rtexit2.o(.ARM.Collect$$rtexit$$00000004)
    .text                                    0x08000190   Section        0  main.o(.text)
    .text                                    0x08000658   Section        0  stm32f10x_it.o(.text)
    .text                                    0x08000670   Section        0  system_stm32f10x.o(.text)
    SetSysClockTo72                          0x08000671   Thumb Code   214  system_stm32f10x.o(.text)
    SetSysClock                              0x08000747   Thumb Code     8  system_stm32f10x.o(.text)
    .text                                    0x08000850   Section        0  led.o(.text)
    .text                                    0x08000930   Section        0  key.o(.text)
    .text                                    0x080009e8   Section        0  timer.o(.text)
    .text                                    0x08000ac4   Section        0  adc.o(.text)
    .text                                    0x08000bac   Section        0  exti.o(.text)
    .text                                    0x08000c34   Section        0  gui.o(.text)
    _swap                                    0x08000f1f   Thumb Code    10  gui.o(.text)
    .text                                    0x0800183c   Section        0  lcd.o(.text)
    .text                                    0x08001cc4   Section        0  spi.o(.text)
    .text                                    0x08001da4   Section        0  dht11.o(.text)
    .text                                    0x08001ff8   Section        0  beep.o(.text)
    .text                                    0x080020d8   Section        0  delay.o(.text)
    .text                                    0x08002208   Section        0  usart.o(.text)
    .text                                    0x08002350   Section       64  startup_stm32f10x_md.o(.text)
    .text                                    0x08002390   Section      180  os_cpu_a.o(.text)
    .text                                    0x08002444   Section        0  os_cpu_c.o(.text)
    .text                                    0x080024f4   Section        0  os_core.o(.text)
    OS_InitTaskStat                          0x0800259f   Thumb Code    52  os_core.o(.text)
    OS_InitTaskIdle                          0x080025f5   Thumb Code    52  os_core.o(.text)
    OS_InitEventList                         0x0800263b   Thumb Code    74  os_core.o(.text)
    OS_InitTCBList                           0x08002685   Thumb Code   106  os_core.o(.text)
    OS_InitRdyList                           0x080026ef   Thumb Code    44  os_core.o(.text)
    OS_InitMisc                              0x0800271b   Thumb Code    44  os_core.o(.text)
    OS_SchedNew                              0x0800278f   Thumb Code    26  os_core.o(.text)
    .text                                    0x08002d84   Section        0  os_flag.o(.text)
    OS_FlagTaskRdy                           0x08002efb   Thumb Code    82  os_flag.o(.text)
    OS_FlagBlock                             0x080030b5   Thumb Code   152  os_flag.o(.text)
    .text                                    0x08003590   Section        0  os_mbox.o(.text)
    .text                                    0x0800395c   Section        0  os_q.o(.text)
    .text                                    0x08003f44   Section        0  os_sem.o(.text)
    .text                                    0x080042d0   Section        0  os_task.o(.text)
    .text                                    0x08004a94   Section        0  os_time.o(.text)
    .text                                    0x08004c44   Section        0  misc.o(.text)
    .text                                    0x08004d20   Section        0  stm32f10x_adc.o(.text)
    .text                                    0x08005170   Section        0  stm32f10x_exti.o(.text)
    .text                                    0x0800528c   Section        0  stm32f10x_gpio.o(.text)
    .text                                    0x080055e8   Section        0  stm32f10x_rcc.o(.text)
    .text                                    0x0800598c   Section        0  stm32f10x_spi.o(.text)
    .text                                    0x08005c98   Section        0  stm32f10x_tim.o(.text)
    TI4_Config                               0x0800613f   Thumb Code   130  stm32f10x_tim.o(.text)
    TI3_Config                               0x080061d3   Thumb Code   122  stm32f10x_tim.o(.text)
    TI2_Config                               0x08006267   Thumb Code   130  stm32f10x_tim.o(.text)
    TI1_Config                               0x080062fb   Thumb Code   108  stm32f10x_tim.o(.text)
    .text                                    0x08006ab4   Section        0  stm32f10x_usart.o(.text)
    .text                                    0x08006ebc   Section        2  use_no_semi_2.o(.text)
    .text                                    0x08006ec0   Section        0  noretval__2printf.o(.text)
    .text                                    0x08006ed8   Section        0  __printf.o(.text)
    .text                                    0x08006f40   Section        0  _printf_dec.o(.text)
    .text                                    0x08006fb8   Section        0  strlen.o(.text)
    .text                                    0x08006ff6   Section        0  heapauxi.o(.text)
    .text                                    0x08006ffc   Section        2  use_no_semi.o(.text)
    .text                                    0x08006ffe   Section        0  _printf_intcommon.o(.text)
    .text                                    0x080070b0   Section        0  _printf_char_file.o(.text)
    .text                                    0x080070d4   Section        0  _printf_char_common.o(.text)
    _printf_input_char                       0x080070d5   Thumb Code    10  _printf_char_common.o(.text)
    .text                                    0x08007104   Section        0  ferror.o(.text)
    .text                                    0x0800710c   Section       74  sys_stackheap_outer.o(.text)
    .text                                    0x08007156   Section        0  exit.o(.text)
    .text                                    0x08007168   Section        8  libspace.o(.text)
    .constdata                               0x08007170   Section     5806  gui.o(.constdata)
    .constdata                               0x0800881e   Section      256  os_core.o(.constdata)
    .data                                    0x20000000   Section       39  main.o(.data)
    flag                                     0x20000024   Data           1  main.o(.data)
    mark                                     0x20000025   Data           1  main.o(.data)
    biao                                     0x20000026   Data           1  main.o(.data)
    .data                                    0x20000028   Section       20  system_stm32f10x.o(.data)
    .data                                    0x2000003c   Section        1  key.o(.data)
    key_up                                   0x2000003c   Data           1  key.o(.data)
    .data                                    0x2000003e   Section        6  lcd.o(.data)
    .data                                    0x20000044   Section       12  dht11.o(.data)
    .data                                    0x20000050   Section        4  delay.o(.data)
    fac_us                                   0x20000050   Data           1  delay.o(.data)
    fac_ms                                   0x20000052   Data           2  delay.o(.data)
    .data                                    0x20000054   Section        6  usart.o(.data)
    .data                                    0x2000005c   Section       72  os_core.o(.data)
    .data                                    0x200000a4   Section       20  stm32f10x_rcc.o(.data)
    APBAHBPrescTable                         0x200000a4   Data          16  stm32f10x_rcc.o(.data)
    ADCPrescTable                            0x200000b4   Data           4  stm32f10x_rcc.o(.data)
    .bss                                     0x200000b8   Section     6912  main.o(.bss)
    .bss                                     0x20001bb8   Section       14  lcd.o(.bss)
    .bss                                     0x20001bc6   Section      200  usart.o(.bss)
    .bss                                     0x20001c90   Section     2688  os_core.o(.bss)
    .bss                                     0x20002710   Section       96  libspace.o(.bss)
    HEAP                                     0x20002770   Section      512  startup_stm32f10x_md.o(HEAP)
    Heap_Mem                                 0x20002770   Data         512  startup_stm32f10x_md.o(HEAP)
    STACK                                    0x20002970   Section     1024  startup_stm32f10x_md.o(STACK)
    Stack_Mem                                0x20002970   Data        1024  startup_stm32f10x_md.o(STACK)
    __initial_sp                             0x20002d70   Data           0  startup_stm32f10x_md.o(STACK)

    Global Symbols

    Symbol Name                              Value     Ov Type        Size  Object(Section)

    BuildAttributes$$THM_ISAv4$P$D$K$B$S$PE$A:L22UL41UL21$X:L11$S22US41US21$IEEE1$IW$USESV6$~STKCKD$USESV7$~SHL$OSPACE$ROPI$EBA8$UX$STANDARDLIB$REQ8$PRES8$EABIv2 0x00000000   Number         0  anon$$obj.o ABSOLUTE
    __ARM_use_no_argv                        0x00000000   Number         0  main.o ABSOLUTE
    __ARM_exceptions_init                     - Undefined Weak Reference
    __alloca_initialize                       - Undefined Weak Reference
    __arm_preinit_                            - Undefined Weak Reference
    __cpp_initialize__aeabi_                  - Undefined Weak Reference
    __cxa_finalize                            - Undefined Weak Reference
    __rt_locale                               - Undefined Weak Reference
    __sigvec_lookup                           - Undefined Weak Reference
    _atexit_init                              - Undefined Weak Reference
    _call_atexit_fns                          - Undefined Weak Reference
    _clock_init                               - Undefined Weak Reference
    _fp_trap_init                             - Undefined Weak Reference
    _fp_trap_shutdown                         - Undefined Weak Reference
    _get_lc_collate                           - Undefined Weak Reference
    _get_lc_ctype                             - Undefined Weak Reference
    _get_lc_monetary                          - Undefined Weak Reference
    _get_lc_numeric                           - Undefined Weak Reference
    _get_lc_time                              - Undefined Weak Reference
    _getenv_init                              - Undefined Weak Reference
    _handle_redirection                       - Undefined Weak Reference
    _init_alloc                               - Undefined Weak Reference
    _init_user_alloc                          - Undefined Weak Reference
    _initio                                   - Undefined Weak Reference
    _mutex_acquire                            - Undefined Weak Reference
    _mutex_release                            - Undefined Weak Reference
    _printf_post_padding                      - Undefined Weak Reference
    _printf_pre_padding                       - Undefined Weak Reference
    _printf_truncate_signed                   - Undefined Weak Reference
    _printf_truncate_unsigned                 - Undefined Weak Reference
    _rand_init                                - Undefined Weak Reference
    _signal_finish                            - Undefined Weak Reference
    _signal_init                              - Undefined Weak Reference
    _terminate_alloc                          - Undefined Weak Reference
    _terminate_user_alloc                     - Undefined Weak Reference
    _terminateio                              - Undefined Weak Reference
    __Vectors_Size                           0x000000ec   Number         0  startup_stm32f10x_md.o ABSOLUTE
    __Vectors                                0x08000000   Data           4  startup_stm32f10x_md.o(RESET)
    __Vectors_End                            0x080000ec   Data           0  startup_stm32f10x_md.o(RESET)
    __main                                   0x080000ed   Thumb Code     8  __main.o(!!!main)
    __scatterload                            0x080000f5   Thumb Code     0  __scatter.o(!!!scatter)
    __scatterload_rt2                        0x080000f5   Thumb Code    44  __scatter.o(!!!scatter)
    __scatterload_rt2_thumb_only             0x080000f5   Thumb Code     0  __scatter.o(!!!scatter)
    __scatterload_null                       0x08000103   Thumb Code     0  __scatter.o(!!!scatter)
    __scatterload_copy                       0x08000129   Thumb Code    26  __scatter_copy.o(!!handler_copy)
    __scatterload_zeroinit                   0x08000145   Thumb Code    28  __scatter_zi.o(!!handler_zi)
    _printf_d                                0x08000161   Thumb Code     0  _printf_d.o(.ARM.Collect$$_printf_percent$$00000009)
    _printf_percent                          0x08000161   Thumb Code     0  _printf_percent.o(.ARM.Collect$$_printf_percent$$00000000)
    _printf_percent_end                      0x08000167   Thumb Code     0  _printf_percent_end.o(.ARM.Collect$$_printf_percent$$00000017)
    __rt_lib_init                            0x0800016b   Thumb Code     0  libinit.o(.ARM.Collect$$libinit$$00000000)
    __rt_lib_init_alloca_1                   0x0800016d   Thumb Code     0  libinit2.o(.ARM.Collect$$libinit$$0000002E)
    __rt_lib_init_argv_1                     0x0800016d   Thumb Code     0  libinit2.o(.ARM.Collect$$libinit$$0000002C)
    __rt_lib_init_atexit_1                   0x0800016d   Thumb Code     0  libinit2.o(.ARM.Collect$$libinit$$0000001B)
    __rt_lib_init_clock_1                    0x0800016d   Thumb Code     0  libinit2.o(.ARM.Collect$$libinit$$00000021)
    __rt_lib_init_cpp_1                      0x0800016d   Thumb Code     0  libinit2.o(.ARM.Collect$$libinit$$00000032)
    __rt_lib_init_exceptions_1               0x0800016d   Thumb Code     0  libinit2.o(.ARM.Collect$$libinit$$00000030)
    __rt_lib_init_fp_1                       0x0800016d   Thumb Code     0  libinit2.o(.ARM.Collect$$libinit$$00000002)
    __rt_lib_init_fp_trap_1                  0x0800016d   Thumb Code     0  libinit2.o(.ARM.Collect$$libinit$$0000001F)
    __rt_lib_init_getenv_1                   0x0800016d   Thumb Code     0  libinit2.o(.ARM.Collect$$libinit$$00000023)
    __rt_lib_init_heap_1                     0x0800016d   Thumb Code     0  libinit2.o(.ARM.Collect$$libinit$$0000000A)
    __rt_lib_init_lc_collate_1               0x0800016d   Thumb Code     0  libinit2.o(.ARM.Collect$$libinit$$00000011)
    __rt_lib_init_lc_ctype_1                 0x0800016d   Thumb Code     0  libinit2.o(.ARM.Collect$$libinit$$00000013)
    __rt_lib_init_lc_monetary_1              0x0800016d   Thumb Code     0  libinit2.o(.ARM.Collect$$libinit$$00000015)
    __rt_lib_init_lc_numeric_1               0x0800016d   Thumb Code     0  libinit2.o(.ARM.Collect$$libinit$$00000017)
    __rt_lib_init_lc_time_1                  0x0800016d   Thumb Code     0  libinit2.o(.ARM.Collect$$libinit$$00000019)
    __rt_lib_init_preinit_1                  0x0800016d   Thumb Code     0  libinit2.o(.ARM.Collect$$libinit$$00000004)
    __rt_lib_init_rand_1                     0x0800016d   Thumb Code     0  libinit2.o(.ARM.Collect$$libinit$$0000000E)
    __rt_lib_init_return                     0x0800016d   Thumb Code     0  libinit2.o(.ARM.Collect$$libinit$$00000033)
    __rt_lib_init_signal_1                   0x0800016d   Thumb Code     0  libinit2.o(.ARM.Collect$$libinit$$0000001D)
    __rt_lib_init_stdio_1                    0x0800016d   Thumb Code     0  libinit2.o(.ARM.Collect$$libinit$$00000025)
    __rt_lib_init_user_alloc_1               0x0800016d   Thumb Code     0  libinit2.o(.ARM.Collect$$libinit$$0000000C)
    __rt_lib_shutdown                        0x0800016f   Thumb Code     0  libshutdown.o(.ARM.Collect$$libshutdown$$00000000)
    __rt_lib_shutdown_cpp_1                  0x08000171   Thumb Code     0  libshutdown2.o(.ARM.Collect$$libshutdown$$00000002)
    __rt_lib_shutdown_fp_trap_1              0x08000171   Thumb Code     0  libshutdown2.o(.ARM.Collect$$libshutdown$$00000007)
    __rt_lib_shutdown_heap_1                 0x08000171   Thumb Code     0  libshutdown2.o(.ARM.Collect$$libshutdown$$0000000F)
    __rt_lib_shutdown_return                 0x08000171   Thumb Code     0  libshutdown2.o(.ARM.Collect$$libshutdown$$00000010)
    __rt_lib_shutdown_signal_1               0x08000171   Thumb Code     0  libshutdown2.o(.ARM.Collect$$libshutdown$$0000000A)
    __rt_lib_shutdown_stdio_1                0x08000171   Thumb Code     0  libshutdown2.o(.ARM.Collect$$libshutdown$$00000004)
    __rt_lib_shutdown_user_alloc_1           0x08000171   Thumb Code     0  libshutdown2.o(.ARM.Collect$$libshutdown$$0000000C)
    __rt_entry                               0x08000173   Thumb Code     0  __rtentry.o(.ARM.Collect$$rtentry$$00000000)
    __rt_entry_presh_1                       0x08000173   Thumb Code     0  __rtentry2.o(.ARM.Collect$$rtentry$$00000002)
    __rt_entry_sh                            0x08000173   Thumb Code     0  __rtentry4.o(.ARM.Collect$$rtentry$$00000004)
    __rt_entry_li                            0x08000179   Thumb Code     0  __rtentry2.o(.ARM.Collect$$rtentry$$0000000A)
    __rt_entry_postsh_1                      0x08000179   Thumb Code     0  __rtentry2.o(.ARM.Collect$$rtentry$$00000009)
    __rt_entry_main                          0x0800017d   Thumb Code     0  __rtentry2.o(.ARM.Collect$$rtentry$$0000000D)
    __rt_entry_postli_1                      0x0800017d   Thumb Code     0  __rtentry2.o(.ARM.Collect$$rtentry$$0000000C)
    __rt_exit                                0x08000185   Thumb Code     0  rtexit.o(.ARM.Collect$$rtexit$$00000000)
    __rt_exit_ls                             0x08000187   Thumb Code     0  rtexit2.o(.ARM.Collect$$rtexit$$00000003)
    __rt_exit_prels_1                        0x08000187   Thumb Code     0  rtexit2.o(.ARM.Collect$$rtexit$$00000002)
    __rt_exit_exit                           0x0800018b   Thumb Code     0  rtexit2.o(.ARM.Collect$$rtexit$$00000004)
    beep_task                                0x08000191   Thumb Code    24  main.o(.text)
    dht11_task                               0x080001a9   Thumb Code   216  main.o(.text)
    adc_task                                 0x08000281   Thumb Code   174  main.o(.text)
    pwm_task                                 0x0800032f   Thumb Code    44  main.o(.text)
    led0_task                                0x0800035b   Thumb Code   108  main.o(.text)
    start_task                               0x080003c7   Thumb Code   128  main.o(.text)
    main                                     0x08000447   Thumb Code    94  main.o(.text)
    EXTI1_IRQHandler                         0x080004a5   Thumb Code   146  main.o(.text)
    EXTI15_10_IRQHandler                     0x08000537   Thumb Code   278  main.o(.text)
    NMI_Handler                              0x08000659   Thumb Code     2  stm32f10x_it.o(.text)
    HardFault_Handler                        0x0800065b   Thumb Code     4  stm32f10x_it.o(.text)
    MemManage_Handler                        0x0800065f   Thumb Code     4  stm32f10x_it.o(.text)
    BusFault_Handler                         0x08000663   Thumb Code     4  stm32f10x_it.o(.text)
    UsageFault_Handler                       0x08000667   Thumb Code     4  stm32f10x_it.o(.text)
    SVC_Handler                              0x0800066b   Thumb Code     2  stm32f10x_it.o(.text)
    DebugMon_Handler                         0x0800066d   Thumb Code     2  stm32f10x_it.o(.text)
    SystemInit                               0x0800074f   Thumb Code    78  system_stm32f10x.o(.text)
    SystemCoreClockUpdate                    0x0800079d   Thumb Code   142  system_stm32f10x.o(.text)
    led_off                                  0x08000851   Thumb Code    14  led.o(.text)
    led_config                               0x0800085f   Thumb Code    38  led.o(.text)
    LED_Init                                 0x08000885   Thumb Code   130  led.o(.text)
    led_on                                   0x08000907   Thumb Code    14  led.o(.text)
    KEY_Init                                 0x08000931   Thumb Code    52  key.o(.text)
    KEY_Scan                                 0x08000965   Thumb Code   114  key.o(.text)
    TIM3_Int_Init                            0x080009e9   Thumb Code    90  timer.o(.text)
    TIM3_PWM_Init                            0x08000a43   Thumb Code   122  timer.o(.text)
    Adc_Init                                 0x08000ac5   Thumb Code   132  adc.o(.text)
    Get_Adc                                  0x08000b49   Thumb Code    46  adc.o(.text)
    Get_Adc_Average                          0x08000b77   Thumb Code    46  adc.o(.text)
    EXTIX_Init                               0x08000bad   Thumb Code   136  exti.o(.text)
    GUI_DrawPoint                            0x08000c35   Thumb Code    24  gui.o(.text)
    LCD_Fill                                 0x08000c4d   Thumb Code   110  gui.o(.text)
    LCD_DrawLine                             0x08000cbb   Thumb Code   176  gui.o(.text)
    LCD_DrawRectangle                        0x08000d6b   Thumb Code    64  gui.o(.text)
    LCD_DrawFillRectangle                    0x08000dab   Thumb Code    30  gui.o(.text)
    _draw_circle_8                           0x08000dc9   Thumb Code   132  gui.o(.text)
    gui_circle                               0x08000e4d   Thumb Code   154  gui.o(.text)
    Draw_Triangel                            0x08000ee7   Thumb Code    56  gui.o(.text)
    Fill_Triangel                            0x08000f29   Thumb Code   532  gui.o(.text)
    LCD_ShowChar                             0x0800113d   Thumb Code   276  gui.o(.text)
    LCD_ShowString                           0x08001251   Thumb Code    94  gui.o(.text)
    mypow                                    0x080012af   Thumb Code    22  gui.o(.text)
    LCD_ShowNum                              0x080012c5   Thumb Code   168  gui.o(.text)
    GUI_DrawFont16                           0x0800136d   Thumb Code   252  gui.o(.text)
    GUI_DrawFont24                           0x08001469   Thumb Code   298  gui.o(.text)
    GUI_DrawFont32                           0x08001593   Thumb Code   252  gui.o(.text)
    Show_Str                                 0x0800168f   Thumb Code   264  gui.o(.text)
    Gui_StrCenter                            0x08001797   Thumb Code    60  gui.o(.text)
    Gui_Drawbmp16                            0x080017d3   Thumb Code    90  gui.o(.text)
    LCD_WR_REG                               0x0800183d   Thumb Code    36  lcd.o(.text)
    LCD_WR_DATA                              0x08001861   Thumb Code    38  lcd.o(.text)
    LCD_WriteReg                             0x08001887   Thumb Code    20  lcd.o(.text)
    LCD_WriteRAM_Prepare                     0x0800189b   Thumb Code    12  lcd.o(.text)
    Lcd_WriteData_16Bit                      0x080018a7   Thumb Code    46  lcd.o(.text)
    LCD_SetWindows                           0x080018d5   Thumb Code    84  lcd.o(.text)
    LCD_SetCursor                            0x08001929   Thumb Code    20  lcd.o(.text)
    LCD_DrawPoint                            0x0800193d   Thumb Code    24  lcd.o(.text)
    LCD_Clear                                0x08001955   Thumb Code    88  lcd.o(.text)
    LCD_GPIOInit                             0x080019ad   Thumb Code    42  lcd.o(.text)
    LCD_RESET                                0x080019d7   Thumb Code    34  lcd.o(.text)
    LCD_direction                            0x080019f9   Thumb Code   120  lcd.o(.text)
    LCD_Init                                 0x08001a71   Thumb Code   590  lcd.o(.text)
    SPI_WriteByte                            0x08001cc5   Thumb Code    34  spi.o(.text)
    SPI_SetSpeed                             0x08001ce7   Thumb Code    38  spi.o(.text)
    SPI1_Init                                0x08001d0d   Thumb Code   144  spi.o(.text)
    chushi                                   0x08001da5   Thumb Code   130  dht11.o(.text)
    DHT11_Start                              0x08001e27   Thumb Code    74  dht11.o(.text)
    DHT11_Read                               0x08001e71   Thumb Code    38  dht11.o(.text)
    readpin                                  0x08001e97   Thumb Code    14  dht11.o(.text)
    DHT_Read_Byte                            0x08001ea5   Thumb Code   110  dht11.o(.text)
    DHT_Read_Data                            0x08001f13   Thumb Code   194  dht11.o(.text)
    Beep_off                                 0x08001ff9   Thumb Code    14  beep.o(.text)
    Beep_config                              0x08002007   Thumb Code    38  beep.o(.text)
    Beep_Init                                0x0800202d   Thumb Code   130  beep.o(.text)
    Beep_on                                  0x080020af   Thumb Code    14  beep.o(.text)
    delay_osschedlock                        0x080020d9   Thumb Code     8  delay.o(.text)
    delay_osschedunlock                      0x080020e1   Thumb Code     8  delay.o(.text)
    delay_ostimedly                          0x080020e9   Thumb Code    12  delay.o(.text)
    SysTick_Handler                          0x080020f5   Thumb Code    24  delay.o(.text)
    delay_init                               0x0800210d   Thumb Code    76  delay.o(.text)
    delay_us                                 0x08002159   Thumb Code    86  delay.o(.text)
    delay_ms                                 0x080021af   Thumb Code    66  delay.o(.text)
    _sys_exit                                0x08002209   Thumb Code     4  usart.o(.text)
    fputc                                    0x0800220d   Thumb Code    24  usart.o(.text)
    uart_init                                0x08002225   Thumb Code   152  usart.o(.text)
    USART1_IRQHandler                        0x080022bd   Thumb Code   130  usart.o(.text)
    Reset_Handler                            0x08002351   Thumb Code     8  startup_stm32f10x_md.o(.text)
    ADC1_2_IRQHandler                        0x0800236b   Thumb Code     0  startup_stm32f10x_md.o(.text)
    CAN1_RX1_IRQHandler                      0x0800236b   Thumb Code     0  startup_stm32f10x_md.o(.text)
    CAN1_SCE_IRQHandler                      0x0800236b   Thumb Code     0  startup_stm32f10x_md.o(.text)
    DMA1_Channel1_IRQHandler                 0x0800236b   Thumb Code     0  startup_stm32f10x_md.o(.text)
    DMA1_Channel2_IRQHandler                 0x0800236b   Thumb Code     0  startup_stm32f10x_md.o(.text)
    DMA1_Channel3_IRQHandler                 0x0800236b   Thumb Code     0  startup_stm32f10x_md.o(.text)
    DMA1_Channel4_IRQHandler                 0x0800236b   Thumb Code     0  startup_stm32f10x_md.o(.text)
    DMA1_Channel5_IRQHandler                 0x0800236b   Thumb Code     0  startup_stm32f10x_md.o(.text)
    DMA1_Channel6_IRQHandler                 0x0800236b   Thumb Code     0  startup_stm32f10x_md.o(.text)
    DMA1_Channel7_IRQHandler                 0x0800236b   Thumb Code     0  startup_stm32f10x_md.o(.text)
    EXTI0_IRQHandler                         0x0800236b   Thumb Code     0  startup_stm32f10x_md.o(.text)
    EXTI2_IRQHandler                         0x0800236b   Thumb Code     0  startup_stm32f10x_md.o(.text)
    EXTI3_IRQHandler                         0x0800236b   Thumb Code     0  startup_stm32f10x_md.o(.text)
    EXTI4_IRQHandler                         0x0800236b   Thumb Code     0  startup_stm32f10x_md.o(.text)
    EXTI9_5_IRQHandler                       0x0800236b   Thumb Code     0  startup_stm32f10x_md.o(.text)
    FLASH_IRQHandler                         0x0800236b   Thumb Code     0  startup_stm32f10x_md.o(.text)
    I2C1_ER_IRQHandler                       0x0800236b   Thumb Code     0  startup_stm32f10x_md.o(.text)
    I2C1_EV_IRQHandler                       0x0800236b   Thumb Code     0  startup_stm32f10x_md.o(.text)
    I2C2_ER_IRQHandler                       0x0800236b   Thumb Code     0  startup_stm32f10x_md.o(.text)
    I2C2_EV_IRQHandler                       0x0800236b   Thumb Code     0  startup_stm32f10x_md.o(.text)
    PVD_IRQHandler                           0x0800236b   Thumb Code     0  startup_stm32f10x_md.o(.text)
    RCC_IRQHandler                           0x0800236b   Thumb Code     0  startup_stm32f10x_md.o(.text)
    RTCAlarm_IRQHandler                      0x0800236b   Thumb Code     0  startup_stm32f10x_md.o(.text)
    RTC_IRQHandler                           0x0800236b   Thumb Code     0  startup_stm32f10x_md.o(.text)
    SPI1_IRQHandler                          0x0800236b   Thumb Code     0  startup_stm32f10x_md.o(.text)
    SPI2_IRQHandler                          0x0800236b   Thumb Code     0  startup_stm32f10x_md.o(.text)
    TAMPER_IRQHandler                        0x0800236b   Thumb Code     0  startup_stm32f10x_md.o(.text)
    TIM1_BRK_IRQHandler                      0x0800236b   Thumb Code     0  startup_stm32f10x_md.o(.text)
    TIM1_CC_IRQHandler                       0x0800236b   Thumb Code     0  startup_stm32f10x_md.o(.text)
    TIM1_TRG_COM_IRQHandler                  0x0800236b   Thumb Code     0  startup_stm32f10x_md.o(.text)
    TIM1_UP_IRQHandler                       0x0800236b   Thumb Code     0  startup_stm32f10x_md.o(.text)
    TIM2_IRQHandler                          0x0800236b   Thumb Code     0  startup_stm32f10x_md.o(.text)
    TIM3_IRQHandler                          0x0800236b   Thumb Code     0  startup_stm32f10x_md.o(.text)
    TIM4_IRQHandler                          0x0800236b   Thumb Code     0  startup_stm32f10x_md.o(.text)
    USART2_IRQHandler                        0x0800236b   Thumb Code     0  startup_stm32f10x_md.o(.text)
    USART3_IRQHandler                        0x0800236b   Thumb Code     0  startup_stm32f10x_md.o(.text)
    USBWakeUp_IRQHandler                     0x0800236b   Thumb Code     0  startup_stm32f10x_md.o(.text)
    USB_HP_CAN1_TX_IRQHandler                0x0800236b   Thumb Code     0  startup_stm32f10x_md.o(.text)
    USB_LP_CAN1_RX0_IRQHandler               0x0800236b   Thumb Code     0  startup_stm32f10x_md.o(.text)
    WWDG_IRQHandler                          0x0800236b   Thumb Code     0  startup_stm32f10x_md.o(.text)
    __user_initial_stackheap                 0x0800236d   Thumb Code     0  startup_stm32f10x_md.o(.text)
    OS_CPU_SR_Save                           0x08002391   Thumb Code     0  os_cpu_a.o(.text)
    OS_CPU_SR_Restore                        0x08002399   Thumb Code     0  os_cpu_a.o(.text)
    OSStartHighRdy                           0x0800239f   Thumb Code     0  os_cpu_a.o(.text)
    OSCtxSw                                  0x080023c1   Thumb Code     0  os_cpu_a.o(.text)
    OSIntCtxSw                               0x080023cf   Thumb Code     0  os_cpu_a.o(.text)
    PendSV_Handler                           0x080023df   Thumb Code     0  os_cpu_a.o(.text)
    OSInitHookBegin                          0x08002445   Thumb Code     2  os_cpu_c.o(.text)
    OSInitHookEnd                            0x08002447   Thumb Code     2  os_cpu_c.o(.text)
    OSTaskCreateHook                         0x08002449   Thumb Code     2  os_cpu_c.o(.text)
    OSTaskDelHook                            0x0800244b   Thumb Code     2  os_cpu_c.o(.text)
    OSTaskIdleHook                           0x0800244d   Thumb Code     2  os_cpu_c.o(.text)
    OSTaskStatHook                           0x0800244f   Thumb Code     2  os_cpu_c.o(.text)
    OSTaskStkInit                            0x08002451   Thumb Code   154  os_cpu_c.o(.text)
    OSTaskSwHook                             0x080024eb   Thumb Code     2  os_cpu_c.o(.text)
    OSTCBInitHook                            0x080024ed   Thumb Code     2  os_cpu_c.o(.text)
    OSTimeTickHook                           0x080024ef   Thumb Code     2  os_cpu_c.o(.text)
    OSTaskReturnHook                         0x080024f1   Thumb Code     2  os_cpu_c.o(.text)
    OS_TaskStatStkChk                        0x080024f5   Thumb Code    54  os_core.o(.text)
    OS_TaskStat                              0x0800252b   Thumb Code   116  os_core.o(.text)
    OS_TaskIdle                              0x080025d3   Thumb Code    34  os_core.o(.text)
    OS_MemClr                                0x08002629   Thumb Code    18  os_core.o(.text)
    OSInit                                   0x08002747   Thumb Code    44  os_core.o(.text)
    OSIntEnter                               0x08002773   Thumb Code    28  os_core.o(.text)
    OSIntExit                                0x080027a9   Thumb Code   112  os_core.o(.text)
    OSSchedLock                              0x08002819   Thumb Code    50  os_core.o(.text)
    OS_Sched                                 0x0800284b   Thumb Code    88  os_core.o(.text)
    OSSchedUnlock                            0x080028a3   Thumb Code   238  os_core.o(.text)
    OSStart                                  0x08002991   Thumb Code    48  os_core.o(.text)
    OSStatInit                               0x080029c1   Thumb Code    62  os_core.o(.text)
    OSTimeTick                               0x080029ff   Thumb Code   210  os_core.o(.text)
    OSVersion                                0x08002ad1   Thumb Code     6  os_core.o(.text)
    OS_Dummy                                 0x08002ad7   Thumb Code     2  os_core.o(.text)
    OS_EventTaskRemove                       0x08002ad9   Thumb Code    42  os_core.o(.text)
    OS_EventTaskRdy                          0x08002b03   Thumb Code   114  os_core.o(.text)
    OS_EventTaskWait                         0x08002b75   Thumb Code   112  os_core.o(.text)
    OS_EventWaitListInit                     0x08002be5   Thumb Code    28  os_core.o(.text)
    OS_MemCopy                               0x08002c01   Thumb Code    20  os_core.o(.text)
    OS_StrLen                                0x08002c15   Thumb Code    20  os_core.o(.text)
    OS_TCBInit                               0x08002c29   Thumb Code   280  os_core.o(.text)
    OSFlagAccept                             0x08002d85   Thumb Code   252  os_flag.o(.text)
    OSFlagCreate                             0x08002e81   Thumb Code    86  os_flag.o(.text)
    OS_FlagUnlink                            0x08002ed7   Thumb Code    36  os_flag.o(.text)
    OSFlagDel                                0x08002f4d   Thumb Code   214  os_flag.o(.text)
    OSFlagNameGet                            0x08003023   Thumb Code    80  os_flag.o(.text)
    OSFlagNameSet                            0x08003073   Thumb Code    66  os_flag.o(.text)
    OSFlagPend                               0x0800314d   Thumb Code   614  os_flag.o(.text)
    OSFlagPendGetFlagsRdy                    0x080033b3   Thumb Code    26  os_flag.o(.text)
    OSFlagPost                               0x080033cd   Thumb Code   312  os_flag.o(.text)
    OSFlagQuery                              0x08003505   Thumb Code    48  os_flag.o(.text)
    OS_FlagInit                              0x08003535   Thumb Code    78  os_flag.o(.text)
    OSMboxAccept                             0x08003591   Thumb Code    38  os_mbox.o(.text)
    OSMboxCreate                             0x080035b7   Thumb Code    68  os_mbox.o(.text)
    OSMboxDel                                0x080035fb   Thumb Code   200  os_mbox.o(.text)
    OSMboxPend                               0x080036c3   Thumb Code   246  os_mbox.o(.text)
    OSMboxPendAbort                          0x080037b9   Thumb Code   128  os_mbox.o(.text)
    OSMboxPost                               0x08003839   Thumb Code    80  os_mbox.o(.text)
    OSMboxPostOpt                            0x08003889   Thumb Code   120  os_mbox.o(.text)
    OSMboxQuery                              0x08003901   Thumb Code    76  os_mbox.o(.text)
    OSQAccept                                0x0800395d   Thumb Code    88  os_q.o(.text)
    OSQCreate                                0x080039b5   Thumb Code   140  os_q.o(.text)
    OSQDel                                   0x08003a41   Thumb Code   236  os_q.o(.text)
    OSQFlush                                 0x08003b2d   Thumb Code    36  os_q.o(.text)
    OSQPend                                  0x08003b51   Thumb Code   272  os_q.o(.text)
    OSQPendAbort                             0x08003c61   Thumb Code   128  os_q.o(.text)
    OSQPost                                  0x08003ce1   Thumb Code   114  os_q.o(.text)
    OSQPostFront                             0x08003d53   Thumb Code   136  os_q.o(.text)
    OSQPostOpt                               0x08003ddb   Thumb Code   182  os_q.o(.text)
    OSQQuery                                 0x08003e91   Thumb Code    98  os_q.o(.text)
    OS_QInit                                 0x08003ef3   Thumb Code    72  os_q.o(.text)
    OSSemAccept                              0x08003f45   Thumb Code    42  os_sem.o(.text)
    OSSemCreate                              0x08003f6f   Thumb Code    68  os_sem.o(.text)
    OSSemDel                                 0x08003fb3   Thumb Code   200  os_sem.o(.text)
    OSSemPend                                0x0800407b   Thumb Code   222  os_sem.o(.text)
    OSSemPendAbort                           0x08004159   Thumb Code   128  os_sem.o(.text)
    OSSemPost                                0x080041d9   Thumb Code    88  os_sem.o(.text)
    OSSemQuery                               0x08004231   Thumb Code    76  os_sem.o(.text)
    OSSemSet                                 0x0800427d   Thumb Code    66  os_sem.o(.text)
    OSTaskChangePrio                         0x080042d1   Thumb Code   308  os_task.o(.text)
    OSTaskCreate                             0x08004405   Thumb Code   148  os_task.o(.text)
    OS_TaskStkClr                            0x08004499   Thumb Code    26  os_task.o(.text)
    OSTaskCreateExt                          0x080044b3   Thumb Code   170  os_task.o(.text)
    OSTaskDel                                0x0800455d   Thumb Code   294  os_task.o(.text)
    OSTaskDelReq                             0x08004683   Thumb Code   144  os_task.o(.text)
    OSTaskNameGet                            0x08004713   Thumb Code   114  os_task.o(.text)
    OSTaskNameSet                            0x08004785   Thumb Code    98  os_task.o(.text)
    OSTaskResume                             0x080047e7   Thumb Code   154  os_task.o(.text)
    OSTaskStkChk                             0x08004881   Thumb Code   132  os_task.o(.text)
    OSTaskSuspend                            0x08004905   Thumb Code   152  os_task.o(.text)
    OSTaskQuery                              0x0800499d   Thumb Code    82  os_task.o(.text)
    OSTaskRegGet                             0x080049ef   Thumb Code    60  os_task.o(.text)
    OSTaskRegSet                             0x08004a2b   Thumb Code    62  os_task.o(.text)
    OS_TaskReturn                            0x08004a69   Thumb Code    18  os_task.o(.text)
    OSTimeDly                                0x08004a95   Thumb Code   100  os_time.o(.text)
    OSTimeDlyHMSM                            0x08004af9   Thumb Code    86  os_time.o(.text)
    OSTimeDlyResume                          0x08004b4f   Thumb Code   168  os_time.o(.text)
    OSTimeGet                                0x08004bf7   Thumb Code    24  os_time.o(.text)
    OSTimeSet                                0x08004c0f   Thumb Code    24  os_time.o(.text)
    NVIC_PriorityGroupConfig                 0x08004c45   Thumb Code    10  misc.o(.text)
    NVIC_Init                                0x08004c4f   Thumb Code   100  misc.o(.text)
    NVIC_SetVectorTable                      0x08004cb3   Thumb Code    14  misc.o(.text)
    NVIC_SystemLPConfig                      0x08004cc1   Thumb Code    34  misc.o(.text)
    SysTick_CLKSourceConfig                  0x08004ce3   Thumb Code    40  misc.o(.text)
    ADC_DeInit                               0x08004d21   Thumb Code    78  stm32f10x_adc.o(.text)
    ADC_Init                                 0x08004d6f   Thumb Code    70  stm32f10x_adc.o(.text)
    ADC_StructInit                           0x08004db5   Thumb Code    18  stm32f10x_adc.o(.text)
    ADC_Cmd                                  0x08004dc7   Thumb Code    22  stm32f10x_adc.o(.text)
    ADC_DMACmd                               0x08004ddd   Thumb Code    22  stm32f10x_adc.o(.text)
    ADC_ITConfig                             0x08004df3   Thumb Code    24  stm32f10x_adc.o(.text)
    ADC_ResetCalibration                     0x08004e0b   Thumb Code    10  stm32f10x_adc.o(.text)
    ADC_GetResetCalibrationStatus            0x08004e15   Thumb Code    20  stm32f10x_adc.o(.text)
    ADC_StartCalibration                     0x08004e29   Thumb Code    10  stm32f10x_adc.o(.text)
    ADC_GetCalibrationStatus                 0x08004e33   Thumb Code    20  stm32f10x_adc.o(.text)
    ADC_SoftwareStartConvCmd                 0x08004e47   Thumb Code    22  stm32f10x_adc.o(.text)
    ADC_GetSoftwareStartConvStatus           0x08004e5d   Thumb Code    20  stm32f10x_adc.o(.text)
    ADC_DiscModeChannelCountConfig           0x08004e71   Thumb Code    24  stm32f10x_adc.o(.text)
    ADC_DiscModeCmd                          0x08004e89   Thumb Code    22  stm32f10x_adc.o(.text)
    ADC_RegularChannelConfig                 0x08004e9f   Thumb Code   184  stm32f10x_adc.o(.text)
    ADC_ExternalTrigConvCmd                  0x08004f57   Thumb Code    22  stm32f10x_adc.o(.text)
    ADC_GetConversionValue                   0x08004f6d   Thumb Code     8  stm32f10x_adc.o(.text)
    ADC_GetDualModeConversionValue           0x08004f75   Thumb Code     8  stm32f10x_adc.o(.text)
    ADC_AutoInjectedConvCmd                  0x08004f7d   Thumb Code    22  stm32f10x_adc.o(.text)
    ADC_InjectedDiscModeCmd                  0x08004f93   Thumb Code    22  stm32f10x_adc.o(.text)
    ADC_ExternalTrigInjectedConvConfig       0x08004fa9   Thumb Code    16  stm32f10x_adc.o(.text)
    ADC_ExternalTrigInjectedConvCmd          0x08004fb9   Thumb Code    22  stm32f10x_adc.o(.text)
    ADC_SoftwareStartInjectedConvCmd         0x08004fcf   Thumb Code    22  stm32f10x_adc.o(.text)
    ADC_GetSoftwareStartInjectedConvCmdStatus 0x08004fe5   Thumb Code    20  stm32f10x_adc.o(.text)
    ADC_InjectedChannelConfig                0x08004ff9   Thumb Code   130  stm32f10x_adc.o(.text)
    ADC_InjectedSequencerLengthConfig        0x0800507b   Thumb Code    24  stm32f10x_adc.o(.text)
    ADC_SetInjectedOffset                    0x08005093   Thumb Code    20  stm32f10x_adc.o(.text)
    ADC_GetInjectedConversionValue           0x080050a7   Thumb Code    28  stm32f10x_adc.o(.text)
    ADC_AnalogWatchdogCmd                    0x080050c3   Thumb Code    16  stm32f10x_adc.o(.text)
    ADC_AnalogWatchdogThresholdsConfig       0x080050d3   Thumb Code     6  stm32f10x_adc.o(.text)
    ADC_AnalogWatchdogSingleChannelConfig    0x080050d9   Thumb Code    16  stm32f10x_adc.o(.text)
    ADC_TempSensorVrefintCmd                 0x080050e9   Thumb Code    64  stm32f10x_adc.o(.text)
    ADC_GetFlagStatus                        0x08005129   Thumb Code    18  stm32f10x_adc.o(.text)
    ADC_ClearFlag                            0x0800513b   Thumb Code     6  stm32f10x_adc.o(.text)
    ADC_GetITStatus                          0x08005141   Thumb Code    36  stm32f10x_adc.o(.text)
    ADC_ClearITPendingBit                    0x08005165   Thumb Code    10  stm32f10x_adc.o(.text)
    EXTI_DeInit                              0x08005171   Thumb Code    28  stm32f10x_exti.o(.text)
    EXTI_Init                                0x0800518d   Thumb Code   142  stm32f10x_exti.o(.text)
    EXTI_StructInit                          0x0800521b   Thumb Code    16  stm32f10x_exti.o(.text)
    EXTI_GenerateSWInterrupt                 0x0800522b   Thumb Code    16  stm32f10x_exti.o(.text)
    EXTI_GetFlagStatus                       0x0800523b   Thumb Code    22  stm32f10x_exti.o(.text)
    EXTI_ClearFlag                           0x08005251   Thumb Code     8  stm32f10x_exti.o(.text)
    EXTI_GetITStatus                         0x08005259   Thumb Code    34  stm32f10x_exti.o(.text)
    EXTI_ClearITPendingBit                   0x0800527b   Thumb Code     8  stm32f10x_exti.o(.text)
    GPIO_DeInit                              0x0800528d   Thumb Code   172  stm32f10x_gpio.o(.text)
    GPIO_AFIODeInit                          0x08005339   Thumb Code    20  stm32f10x_gpio.o(.text)
    GPIO_Init                                0x0800534d   Thumb Code   278  stm32f10x_gpio.o(.text)
    GPIO_StructInit                          0x08005463   Thumb Code    16  stm32f10x_gpio.o(.text)
    GPIO_ReadInputDataBit                    0x08005473   Thumb Code    18  stm32f10x_gpio.o(.text)
    GPIO_ReadInputData                       0x08005485   Thumb Code     8  stm32f10x_gpio.o(.text)
    GPIO_ReadOutputDataBit                   0x0800548d   Thumb Code    18  stm32f10x_gpio.o(.text)
    GPIO_ReadOutputData                      0x0800549f   Thumb Code     8  stm32f10x_gpio.o(.text)
    GPIO_SetBits                             0x080054a7   Thumb Code     4  stm32f10x_gpio.o(.text)
    GPIO_ResetBits                           0x080054ab   Thumb Code     4  stm32f10x_gpio.o(.text)
    GPIO_WriteBit                            0x080054af   Thumb Code    10  stm32f10x_gpio.o(.text)
    GPIO_Write                               0x080054b9   Thumb Code     4  stm32f10x_gpio.o(.text)
    GPIO_PinLockConfig                       0x080054bd   Thumb Code    18  stm32f10x_gpio.o(.text)
    GPIO_EventOutputConfig                   0x080054cf   Thumb Code    26  stm32f10x_gpio.o(.text)
    GPIO_EventOutputCmd                      0x080054e9   Thumb Code     6  stm32f10x_gpio.o(.text)
    GPIO_PinRemapConfig                      0x080054ef   Thumb Code   138  stm32f10x_gpio.o(.text)
    GPIO_EXTILineConfig                      0x08005579   Thumb Code    66  stm32f10x_gpio.o(.text)
    GPIO_ETH_MediaInterfaceConfig            0x080055bb   Thumb Code     8  stm32f10x_gpio.o(.text)
    RCC_DeInit                               0x080055e9   Thumb Code    64  stm32f10x_rcc.o(.text)
    RCC_HSEConfig                            0x08005629   Thumb Code    70  stm32f10x_rcc.o(.text)
    RCC_GetFlagStatus                        0x0800566f   Thumb Code    56  stm32f10x_rcc.o(.text)
    RCC_WaitForHSEStartUp                    0x080056a7   Thumb Code    56  stm32f10x_rcc.o(.text)
    RCC_AdjustHSICalibrationValue            0x080056df   Thumb Code    20  stm32f10x_rcc.o(.text)
    RCC_HSICmd                               0x080056f3   Thumb Code     6  stm32f10x_rcc.o(.text)
    RCC_PLLConfig                            0x080056f9   Thumb Code    24  stm32f10x_rcc.o(.text)
    RCC_PLLCmd                               0x08005711   Thumb Code     6  stm32f10x_rcc.o(.text)
    RCC_SYSCLKConfig                         0x08005717   Thumb Code    18  stm32f10x_rcc.o(.text)
    RCC_GetSYSCLKSource                      0x08005729   Thumb Code    10  stm32f10x_rcc.o(.text)
    RCC_HCLKConfig                           0x08005733   Thumb Code    18  stm32f10x_rcc.o(.text)
    RCC_PCLK1Config                          0x08005745   Thumb Code    18  stm32f10x_rcc.o(.text)
    RCC_PCLK2Config                          0x08005757   Thumb Code    20  stm32f10x_rcc.o(.text)
    RCC_ITConfig                             0x0800576b   Thumb Code    26  stm32f10x_rcc.o(.text)
    RCC_USBCLKConfig                         0x08005785   Thumb Code     8  stm32f10x_rcc.o(.text)
    RCC_ADCCLKConfig                         0x0800578d   Thumb Code    18  stm32f10x_rcc.o(.text)
    RCC_LSEConfig                            0x0800579f   Thumb Code    50  stm32f10x_rcc.o(.text)
    RCC_LSICmd                               0x080057d1   Thumb Code     6  stm32f10x_rcc.o(.text)
    RCC_RTCCLKConfig                         0x080057d7   Thumb Code    12  stm32f10x_rcc.o(.text)
    RCC_RTCCLKCmd                            0x080057e3   Thumb Code     8  stm32f10x_rcc.o(.text)
    RCC_GetClocksFreq                        0x080057eb   Thumb Code   192  stm32f10x_rcc.o(.text)
    RCC_AHBPeriphClockCmd                    0x080058ab   Thumb Code    26  stm32f10x_rcc.o(.text)
    RCC_APB2PeriphClockCmd                   0x080058c5   Thumb Code    26  stm32f10x_rcc.o(.text)
    RCC_APB1PeriphClockCmd                   0x080058df   Thumb Code    26  stm32f10x_rcc.o(.text)
    RCC_APB2PeriphResetCmd                   0x080058f9   Thumb Code    26  stm32f10x_rcc.o(.text)
    RCC_APB1PeriphResetCmd                   0x08005913   Thumb Code    26  stm32f10x_rcc.o(.text)
    RCC_BackupResetCmd                       0x0800592d   Thumb Code     8  stm32f10x_rcc.o(.text)
    RCC_ClockSecuritySystemCmd               0x08005935   Thumb Code     6  stm32f10x_rcc.o(.text)
    RCC_MCOConfig                            0x0800593b   Thumb Code     6  stm32f10x_rcc.o(.text)
    RCC_ClearFlag                            0x08005941   Thumb Code    14  stm32f10x_rcc.o(.text)
    RCC_GetITStatus                          0x0800594f   Thumb Code    20  stm32f10x_rcc.o(.text)
    RCC_ClearITPendingBit                    0x08005963   Thumb Code     6  stm32f10x_rcc.o(.text)
    SPI_I2S_DeInit                           0x0800598d   Thumb Code    76  stm32f10x_spi.o(.text)
    SPI_Init                                 0x080059d9   Thumb Code    60  stm32f10x_spi.o(.text)
    I2S_Init                                 0x08005a15   Thumb Code   226  stm32f10x_spi.o(.text)
    SPI_StructInit                           0x08005af7   Thumb Code    24  stm32f10x_spi.o(.text)
    I2S_StructInit                           0x08005b0f   Thumb Code    20  stm32f10x_spi.o(.text)
    SPI_Cmd                                  0x08005b23   Thumb Code    24  stm32f10x_spi.o(.text)
    I2S_Cmd                                  0x08005b3b   Thumb Code    24  stm32f10x_spi.o(.text)
    SPI_I2S_ITConfig                         0x08005b53   Thumb Code    32  stm32f10x_spi.o(.text)
    SPI_I2S_DMACmd                           0x08005b73   Thumb Code    18  stm32f10x_spi.o(.text)
    SPI_I2S_SendData                         0x08005b85   Thumb Code     4  stm32f10x_spi.o(.text)
    SPI_I2S_ReceiveData                      0x08005b89   Thumb Code     6  stm32f10x_spi.o(.text)
    SPI_NSSInternalSoftwareConfig            0x08005b8f   Thumb Code    30  stm32f10x_spi.o(.text)
    SPI_SSOutputCmd                          0x08005bad   Thumb Code    24  stm32f10x_spi.o(.text)
    SPI_DataSizeConfig                       0x08005bc5   Thumb Code    18  stm32f10x_spi.o(.text)
    SPI_TransmitCRC                          0x08005bd7   Thumb Code    10  stm32f10x_spi.o(.text)
    SPI_CalculateCRC                         0x08005be1   Thumb Code    24  stm32f10x_spi.o(.text)
    SPI_GetCRC                               0x08005bf9   Thumb Code    16  stm32f10x_spi.o(.text)
    SPI_GetCRCPolynomial                     0x08005c09   Thumb Code     6  stm32f10x_spi.o(.text)
    SPI_BiDirectionalLineConfig              0x08005c0f   Thumb Code    28  stm32f10x_spi.o(.text)
    SPI_I2S_GetFlagStatus                    0x08005c2b   Thumb Code    18  stm32f10x_spi.o(.text)
    SPI_I2S_ClearFlag                        0x08005c3d   Thumb Code     6  stm32f10x_spi.o(.text)
    SPI_I2S_GetITStatus                      0x08005c43   Thumb Code    52  stm32f10x_spi.o(.text)
    SPI_I2S_ClearITPendingBit                0x08005c77   Thumb Code    20  stm32f10x_spi.o(.text)
    TIM_DeInit                               0x08005c99   Thumb Code   424  stm32f10x_tim.o(.text)
    TIM_TimeBaseInit                         0x08005e41   Thumb Code   122  stm32f10x_tim.o(.text)
    TIM_OC1Init                              0x08005ebb   Thumb Code   132  stm32f10x_tim.o(.text)
    TIM_OC2Init                              0x08005f3f   Thumb Code   154  stm32f10x_tim.o(.text)
    TIM_OC3Init                              0x08005fd9   Thumb Code   150  stm32f10x_tim.o(.text)
    TIM_OC4Init                              0x0800606f   Thumb Code   182  stm32f10x_tim.o(.text)
    TIM_SetIC4Prescaler                      0x08006125   Thumb Code    26  stm32f10x_tim.o(.text)
    TIM_SetIC3Prescaler                      0x080061c1   Thumb Code    18  stm32f10x_tim.o(.text)
    TIM_SetIC2Prescaler                      0x0800624d   Thumb Code    26  stm32f10x_tim.o(.text)
    TIM_SetIC1Prescaler                      0x080062e9   Thumb Code    18  stm32f10x_tim.o(.text)
    TIM_ICInit                               0x08006367   Thumb Code   150  stm32f10x_tim.o(.text)
    TIM_PWMIConfig                           0x080063fd   Thumb Code   124  stm32f10x_tim.o(.text)
    TIM_BDTRConfig                           0x08006479   Thumb Code    32  stm32f10x_tim.o(.text)
    TIM_TimeBaseStructInit                   0x08006499   Thumb Code    18  stm32f10x_tim.o(.text)
    TIM_OCStructInit                         0x080064ab   Thumb Code    20  stm32f10x_tim.o(.text)
    TIM_ICStructInit                         0x080064bf   Thumb Code    18  stm32f10x_tim.o(.text)
    TIM_BDTRStructInit                       0x080064d1   Thumb Code    40  stm32f10x_tim.o(.text)
    TIM_Cmd                                  0x080064f9   Thumb Code    24  stm32f10x_tim.o(.text)
    TIM_CtrlPWMOutputs                       0x08006511   Thumb Code    30  stm32f10x_tim.o(.text)
    TIM_ITConfig                             0x0800652f   Thumb Code    18  stm32f10x_tim.o(.text)
    TIM_GenerateEvent                        0x08006541   Thumb Code     4  stm32f10x_tim.o(.text)
    TIM_DMAConfig                            0x08006545   Thumb Code    10  stm32f10x_tim.o(.text)
    TIM_DMACmd                               0x0800654f   Thumb Code    18  stm32f10x_tim.o(.text)
    TIM_InternalClockConfig                  0x08006561   Thumb Code    12  stm32f10x_tim.o(.text)
    TIM_SelectInputTrigger                   0x0800656d   Thumb Code    18  stm32f10x_tim.o(.text)
    TIM_ITRxExternalClockConfig              0x0800657f   Thumb Code    24  stm32f10x_tim.o(.text)
    TIM_TIxExternalClockConfig               0x08006597   Thumb Code    62  stm32f10x_tim.o(.text)
    TIM_ETRConfig                            0x080065d5   Thumb Code    28  stm32f10x_tim.o(.text)
    TIM_ETRClockMode1Config                  0x080065f1   Thumb Code    54  stm32f10x_tim.o(.text)
    TIM_ETRClockMode2Config                  0x08006627   Thumb Code    32  stm32f10x_tim.o(.text)
    TIM_PrescalerConfig                      0x08006647   Thumb Code     6  stm32f10x_tim.o(.text)
    TIM_CounterModeConfig                    0x0800664d   Thumb Code    18  stm32f10x_tim.o(.text)
    TIM_EncoderInterfaceConfig               0x0800665f   Thumb Code    66  stm32f10x_tim.o(.text)
    TIM_ForcedOC1Config                      0x080066a1   Thumb Code    18  stm32f10x_tim.o(.text)
    TIM_ForcedOC2Config                      0x080066b3   Thumb Code    26  stm32f10x_tim.o(.text)
    TIM_ForcedOC3Config                      0x080066cd   Thumb Code    18  stm32f10x_tim.o(.text)
    TIM_ForcedOC4Config                      0x080066df   Thumb Code    26  stm32f10x_tim.o(.text)
    TIM_ARRPreloadConfig                     0x080066f9   Thumb Code    24  stm32f10x_tim.o(.text)
    TIM_SelectCOM                            0x08006711   Thumb Code    24  stm32f10x_tim.o(.text)
    TIM_SelectCCDMA                          0x08006729   Thumb Code    24  stm32f10x_tim.o(.text)
    TIM_CCPreloadControl                     0x08006741   Thumb Code    24  stm32f10x_tim.o(.text)
    TIM_OC1PreloadConfig                     0x08006759   Thumb Code    18  stm32f10x_tim.o(.text)
    TIM_OC2PreloadConfig                     0x0800676b   Thumb Code    26  stm32f10x_tim.o(.text)
    TIM_OC3PreloadConfig                     0x08006785   Thumb Code    18  stm32f10x_tim.o(.text)
    TIM_OC4PreloadConfig                     0x08006797   Thumb Code    26  stm32f10x_tim.o(.text)
    TIM_OC1FastConfig                        0x080067b1   Thumb Code    18  stm32f10x_tim.o(.text)
    TIM_OC2FastConfig                        0x080067c3   Thumb Code    26  stm32f10x_tim.o(.text)
    TIM_OC3FastConfig                        0x080067dd   Thumb Code    18  stm32f10x_tim.o(.text)
    TIM_OC4FastConfig                        0x080067ef   Thumb Code    26  stm32f10x_tim.o(.text)
    TIM_ClearOC1Ref                          0x08006809   Thumb Code    18  stm32f10x_tim.o(.text)
    TIM_ClearOC2Ref                          0x0800681b   Thumb Code    24  stm32f10x_tim.o(.text)
    TIM_ClearOC3Ref                          0x08006833   Thumb Code    18  stm32f10x_tim.o(.text)
    TIM_ClearOC4Ref                          0x08006845   Thumb Code    24  stm32f10x_tim.o(.text)
    TIM_OC1PolarityConfig                    0x0800685d   Thumb Code    18  stm32f10x_tim.o(.text)
    TIM_OC1NPolarityConfig                   0x0800686f   Thumb Code    18  stm32f10x_tim.o(.text)
    TIM_OC2PolarityConfig                    0x08006881   Thumb Code    26  stm32f10x_tim.o(.text)
    TIM_OC2NPolarityConfig                   0x0800689b   Thumb Code    26  stm32f10x_tim.o(.text)
    TIM_OC3PolarityConfig                    0x080068b5   Thumb Code    26  stm32f10x_tim.o(.text)
    TIM_OC3NPolarityConfig                   0x080068cf   Thumb Code    26  stm32f10x_tim.o(.text)
    TIM_OC4PolarityConfig                    0x080068e9   Thumb Code    26  stm32f10x_tim.o(.text)
    TIM_CCxCmd                               0x08006903   Thumb Code    30  stm32f10x_tim.o(.text)
    TIM_CCxNCmd                              0x08006921   Thumb Code    30  stm32f10x_tim.o(.text)
    TIM_SelectOCxM                           0x0800693f   Thumb Code    82  stm32f10x_tim.o(.text)
    TIM_UpdateDisableConfig                  0x08006991   Thumb Code    24  stm32f10x_tim.o(.text)
    TIM_UpdateRequestConfig                  0x080069a9   Thumb Code    24  stm32f10x_tim.o(.text)
    TIM_SelectHallSensor                     0x080069c1   Thumb Code    24  stm32f10x_tim.o(.text)
    TIM_SelectOnePulseMode                   0x080069d9   Thumb Code    18  stm32f10x_tim.o(.text)
    TIM_SelectOutputTrigger                  0x080069eb   Thumb Code    18  stm32f10x_tim.o(.text)
    TIM_SelectSlaveMode                      0x080069fd   Thumb Code    18  stm32f10x_tim.o(.text)
    TIM_SelectMasterSlaveMode                0x08006a0f   Thumb Code    18  stm32f10x_tim.o(.text)
    TIM_SetCounter                           0x08006a21   Thumb Code     4  stm32f10x_tim.o(.text)
    TIM_SetAutoreload                        0x08006a25   Thumb Code     4  stm32f10x_tim.o(.text)
    TIM_SetCompare1                          0x08006a29   Thumb Code     4  stm32f10x_tim.o(.text)
    TIM_SetCompare2                          0x08006a2d   Thumb Code     4  stm32f10x_tim.o(.text)
    TIM_SetCompare3                          0x08006a31   Thumb Code     4  stm32f10x_tim.o(.text)
    TIM_SetCompare4                          0x08006a35   Thumb Code     6  stm32f10x_tim.o(.text)
    TIM_SetClockDivision                     0x08006a3b   Thumb Code    18  stm32f10x_tim.o(.text)
    TIM_GetCapture1                          0x08006a4d   Thumb Code     6  stm32f10x_tim.o(.text)
    TIM_GetCapture2                          0x08006a53   Thumb Code     6  stm32f10x_tim.o(.text)
    TIM_GetCapture3                          0x08006a59   Thumb Code     6  stm32f10x_tim.o(.text)
    TIM_GetCapture4                          0x08006a5f   Thumb Code     8  stm32f10x_tim.o(.text)
    TIM_GetCounter                           0x08006a67   Thumb Code     6  stm32f10x_tim.o(.text)
    TIM_GetPrescaler                         0x08006a6d   Thumb Code     6  stm32f10x_tim.o(.text)
    TIM_GetFlagStatus                        0x08006a73   Thumb Code    18  stm32f10x_tim.o(.text)
    TIM_ClearFlag                            0x08006a85   Thumb Code     6  stm32f10x_tim.o(.text)
    TIM_GetITStatus                          0x08006a8b   Thumb Code    34  stm32f10x_tim.o(.text)
    TIM_ClearITPendingBit                    0x08006aad   Thumb Code     6  stm32f10x_tim.o(.text)
    USART_DeInit                             0x08006ab5   Thumb Code   134  stm32f10x_usart.o(.text)
    USART_Init                               0x08006b3b   Thumb Code   210  stm32f10x_usart.o(.text)
    USART_StructInit                         0x08006c0d   Thumb Code    24  stm32f10x_usart.o(.text)
    USART_ClockInit                          0x08006c25   Thumb Code    34  stm32f10x_usart.o(.text)
    USART_ClockStructInit                    0x08006c47   Thumb Code    12  stm32f10x_usart.o(.text)
    USART_Cmd                                0x08006c53   Thumb Code    24  stm32f10x_usart.o(.text)
    USART_ITConfig                           0x08006c6b   Thumb Code    74  stm32f10x_usart.o(.text)
    USART_DMACmd                             0x08006cb5   Thumb Code    18  stm32f10x_usart.o(.text)
    USART_SetAddress                         0x08006cc7   Thumb Code    18  stm32f10x_usart.o(.text)
    USART_WakeUpConfig                       0x08006cd9   Thumb Code    18  stm32f10x_usart.o(.text)
    USART_ReceiverWakeUpCmd                  0x08006ceb   Thumb Code    24  stm32f10x_usart.o(.text)
    USART_LINBreakDetectLengthConfig         0x08006d03   Thumb Code    18  stm32f10x_usart.o(.text)
    USART_LINCmd                             0x08006d15   Thumb Code    24  stm32f10x_usart.o(.text)
    USART_SendData                           0x08006d2d   Thumb Code     8  stm32f10x_usart.o(.text)
    USART_ReceiveData                        0x08006d35   Thumb Code    10  stm32f10x_usart.o(.text)
    USART_SendBreak                          0x08006d3f   Thumb Code    10  stm32f10x_usart.o(.text)
    USART_SetGuardTime                       0x08006d49   Thumb Code    16  stm32f10x_usart.o(.text)
    USART_SetPrescaler                       0x08006d59   Thumb Code    16  stm32f10x_usart.o(.text)
    USART_SmartCardCmd                       0x08006d69   Thumb Code    24  stm32f10x_usart.o(.text)
    USART_SmartCardNACKCmd                   0x08006d81   Thumb Code    24  stm32f10x_usart.o(.text)
    USART_HalfDuplexCmd                      0x08006d99   Thumb Code    24  stm32f10x_usart.o(.text)
    USART_OverSampling8Cmd                   0x08006db1   Thumb Code    22  stm32f10x_usart.o(.text)
    USART_OneBitMethodCmd                    0x08006dc7   Thumb Code    24  stm32f10x_usart.o(.text)
    USART_IrDAConfig                         0x08006ddf   Thumb Code    18  stm32f10x_usart.o(.text)
    USART_IrDACmd                            0x08006df1   Thumb Code    24  stm32f10x_usart.o(.text)
    USART_GetFlagStatus                      0x08006e09   Thumb Code    26  stm32f10x_usart.o(.text)
    USART_ClearFlag                          0x08006e23   Thumb Code    18  stm32f10x_usart.o(.text)
    USART_GetITStatus                        0x08006e35   Thumb Code    84  stm32f10x_usart.o(.text)
    USART_ClearITPendingBit                  0x08006e89   Thumb Code    52  stm32f10x_usart.o(.text)
    __use_no_semihosting                     0x08006ebd   Thumb Code     2  use_no_semi_2.o(.text)
    __2printf                                0x08006ec1   Thumb Code    20  noretval__2printf.o(.text)
    __printf                                 0x08006ed9   Thumb Code   104  __printf.o(.text)
    _printf_int_dec                          0x08006f41   Thumb Code   104  _printf_dec.o(.text)
    strlen                                   0x08006fb9   Thumb Code    62  strlen.o(.text)
    __use_two_region_memory                  0x08006ff7   Thumb Code     2  heapauxi.o(.text)
    __rt_heap_escrow$2region                 0x08006ff9   Thumb Code     2  heapauxi.o(.text)
    __rt_heap_expand$2region                 0x08006ffb   Thumb Code     2  heapauxi.o(.text)
    __I$use$semihosting                      0x08006ffd   Thumb Code     0  use_no_semi.o(.text)
    __use_no_semihosting_swi                 0x08006ffd   Thumb Code     2  use_no_semi.o(.text)
    _printf_int_common                       0x08006fff   Thumb Code   178  _printf_intcommon.o(.text)
    _printf_char_file                        0x080070b1   Thumb Code    32  _printf_char_file.o(.text)
    _printf_char_common                      0x080070df   Thumb Code    32  _printf_char_common.o(.text)
    ferror                                   0x08007105   Thumb Code     8  ferror.o(.text)
    __user_setup_stackheap                   0x0800710d   Thumb Code    74  sys_stackheap_outer.o(.text)
    exit                                     0x08007157   Thumb Code    18  exit.o(.text)
    __user_libspace                          0x08007169   Thumb Code     8  libspace.o(.text)
    __user_perproc_libspace                  0x08007169   Thumb Code     0  libspace.o(.text)
    __user_perthread_libspace                0x08007169   Thumb Code     0  libspace.o(.text)
    asc2_1206                                0x08007170   Data        1140  gui.o(.constdata)
    asc2_1608                                0x080075e4   Data        1520  gui.o(.constdata)
    tfont16                                  0x08007bd4   Data        2108  gui.o(.constdata)
    tfont24                                  0x08008410   Data         518  gui.o(.constdata)
    tfont32                                  0x08008616   Data         520  gui.o(.constdata)
    OSUnMapTbl                               0x0800881e   Data         256  os_core.o(.constdata)
    Region$$Table$$Base                      0x08008920   Number         0  anon$$obj.o(Region$$Table)
    Region$$Table$$Limit                     0x08008940   Number         0  anon$$obj.o(Region$$Table)
    email                                    0x20000000   Data           4  main.o(.data)
    sig1                                     0x20000004   Data           4  main.o(.data)
    sig2                                     0x20000008   Data           4  main.o(.data)
    led1                                     0x2000000c   Data           8  main.o(.data)
    p14                                      0x20000014   Data           8  main.o(.data)
    bep                                      0x2000001c   Data           8  main.o(.data)
    SystemCoreClock                          0x20000028   Data           4  system_stm32f10x.o(.data)
    AHBPrescTable                            0x2000002c   Data          16  system_stm32f10x.o(.data)
    POINT_COLOR                              0x2000003e   Data           2  lcd.o(.data)
    BACK_COLOR                               0x20000040   Data           2  lcd.o(.data)
    DeviceCode                               0x20000042   Data           2  lcd.o(.data)
    BUF                                      0x20000044   Data           5  dht11.o(.data)
    sum                                      0x2000004c   Data           4  dht11.o(.data)
    __stdout                                 0x20000054   Data           4  usart.o(.data)
    USART_RX_STA                             0x20000058   Data           2  usart.o(.data)
    OSCtxSwCtr                               0x2000005c   Data           4  os_core.o(.data)
    OSEventFreeList                          0x20000060   Data           4  os_core.o(.data)
    OSFlagFreeList                           0x20000064   Data           4  os_core.o(.data)
    OSCPUUsage                               0x20000068   Data           1  os_core.o(.data)
    OSIdleCtrMax                             0x2000006c   Data           4  os_core.o(.data)
    OSIdleCtrRun                             0x20000070   Data           4  os_core.o(.data)
    OSStatRdy                                0x20000074   Data           1  os_core.o(.data)
    OSIntNesting                             0x20000075   Data           1  os_core.o(.data)
    OSLockNesting                            0x20000076   Data           1  os_core.o(.data)
    OSPrioCur                                0x20000077   Data           1  os_core.o(.data)
    OSPrioHighRdy                            0x20000078   Data           1  os_core.o(.data)
    OSRdyGrp                                 0x20000079   Data           1  os_core.o(.data)
    OSRdyTbl                                 0x2000007a   Data           8  os_core.o(.data)
    OSRunning                                0x20000082   Data           1  os_core.o(.data)
    OSTaskCtr                                0x20000083   Data           1  os_core.o(.data)
    OSIdleCtr                                0x20000084   Data           4  os_core.o(.data)
    OSTCBCur                                 0x20000088   Data           4  os_core.o(.data)
    OSTCBFreeList                            0x2000008c   Data           4  os_core.o(.data)
    OSTCBHighRdy                             0x20000090   Data           4  os_core.o(.data)
    OSTCBList                                0x20000094   Data           4  os_core.o(.data)
    OSTickStepState                          0x20000098   Data           1  os_core.o(.data)
    OSQFreeList                              0x2000009c   Data           4  os_core.o(.data)
    OSTime                                   0x200000a0   Data           4  os_core.o(.data)
    START_TASK_STK                           0x200000b8   Data         256  main.o(.bss)
    LED0_TASK_STK                            0x200001b8   Data        2048  main.o(.bss)
    PWM_TASK_STK                             0x200009b8   Data         256  main.o(.bss)
    ADC_TASK_STK                             0x20000ab8   Data        2048  main.o(.bss)
    dht11_task_stk                           0x200012b8   Data        2048  main.o(.bss)
    beep_task_stk                            0x20001ab8   Data         256  main.o(.bss)
    lcddev                                   0x20001bb8   Data          14  lcd.o(.bss)
    USART_RX_BUF                             0x20001bc6   Data         200  usart.o(.bss)
    OSEventTbl                               0x20001c90   Data         200  os_core.o(.bss)
    OSFlagTbl                                0x20001d58   Data          80  os_core.o(.bss)
    OSTaskStatStk                            0x20001da8   Data         512  os_core.o(.bss)
    OSTaskIdleStk                            0x20001fa8   Data         512  os_core.o(.bss)
    OSTCBPrioTbl                             0x200021a8   Data         256  os_core.o(.bss)
    OSTCBTbl                                 0x200022a8   Data        1008  os_core.o(.bss)
    OSQTbl                                   0x20002698   Data         120  os_core.o(.bss)
    __libspace_start                         0x20002710   Data          96  libspace.o(.bss)
    __temporary_stack_top$libspace           0x20002770   Data           0  libspace.o(.bss)



==============================================================================

Memory Map of the image

  Image Entry point : 0x080000ed

  Load Region LR_IROM1 (Base: 0x08000000, Size: 0x000089f8, Max: 0x00010000, ABSOLUTE)

    Execution Region ER_IROM1 (Exec base: 0x08000000, Load base: 0x08000000, Size: 0x00008940, Max: 0x00010000, ABSOLUTE)

    Exec Addr    Load Addr    Size         Type   Attr      Idx    E Section Name        Object

    0x08000000   0x08000000   0x000000ec   Data   RO          450    RESET               startup_stm32f10x_md.o
    0x080000ec   0x080000ec   0x00000008   Code   RO          912  * !!!main             c_w.l(__main.o)
    0x080000f4   0x080000f4   0x00000034   Code   RO         1080    !!!scatter          c_w.l(__scatter.o)
    0x08000128   0x08000128   0x0000001a   Code   RO         1082    !!handler_copy      c_w.l(__scatter_copy.o)
    0x08000142   0x08000142   0x00000002   PAD
    0x08000144   0x08000144   0x0000001c   Code   RO         1084    !!handler_zi        c_w.l(__scatter_zi.o)
    0x08000160   0x08000160   0x00000000   Code   RO          907    .ARM.Collect$$_printf_percent$$00000000  c_w.l(_printf_percent.o)
    0x08000160   0x08000160   0x00000006   Code   RO          906    .ARM.Collect$$_printf_percent$$00000009  c_w.l(_printf_d.o)
    0x08000166   0x08000166   0x00000004   Code   RO          921    .ARM.Collect$$_printf_percent$$00000017  c_w.l(_printf_percent_end.o)
    0x0800016a   0x0800016a   0x00000002   Code   RO          954    .ARM.Collect$$libinit$$00000000  c_w.l(libinit.o)
    0x0800016c   0x0800016c   0x00000000   Code   RO          961    .ARM.Collect$$libinit$$00000002  c_w.l(libinit2.o)
    0x0800016c   0x0800016c   0x00000000   Code   RO          963    .ARM.Collect$$libinit$$00000004  c_w.l(libinit2.o)
    0x0800016c   0x0800016c   0x00000000   Code   RO          966    .ARM.Collect$$libinit$$0000000A  c_w.l(libinit2.o)
    0x0800016c   0x0800016c   0x00000000   Code   RO          968    .ARM.Collect$$libinit$$0000000C  c_w.l(libinit2.o)
    0x0800016c   0x0800016c   0x00000000   Code   RO          970    .ARM.Collect$$libinit$$0000000E  c_w.l(libinit2.o)
    0x0800016c   0x0800016c   0x00000000   Code   RO          973    .ARM.Collect$$libinit$$00000011  c_w.l(libinit2.o)
    0x0800016c   0x0800016c   0x00000000   Code   RO          975    .ARM.Collect$$libinit$$00000013  c_w.l(libinit2.o)
    0x0800016c   0x0800016c   0x00000000   Code   RO          977    .ARM.Collect$$libinit$$00000015  c_w.l(libinit2.o)
    0x0800016c   0x0800016c   0x00000000   Code   RO          979    .ARM.Collect$$libinit$$00000017  c_w.l(libinit2.o)
    0x0800016c   0x0800016c   0x00000000   Code   RO          981    .ARM.Collect$$libinit$$00000019  c_w.l(libinit2.o)
    0x0800016c   0x0800016c   0x00000000   Code   RO          983    .ARM.Collect$$libinit$$0000001B  c_w.l(libinit2.o)
    0x0800016c   0x0800016c   0x00000000   Code   RO          985    .ARM.Collect$$libinit$$0000001D  c_w.l(libinit2.o)
    0x0800016c   0x0800016c   0x00000000   Code   RO          987    .ARM.Collect$$libinit$$0000001F  c_w.l(libinit2.o)
    0x0800016c   0x0800016c   0x00000000   Code   RO          989    .ARM.Collect$$libinit$$00000021  c_w.l(libinit2.o)
    0x0800016c   0x0800016c   0x00000000   Code   RO          991    .ARM.Collect$$libinit$$00000023  c_w.l(libinit2.o)
    0x0800016c   0x0800016c   0x00000000   Code   RO          993    .ARM.Collect$$libinit$$00000025  c_w.l(libinit2.o)
    0x0800016c   0x0800016c   0x00000000   Code   RO          997    .ARM.Collect$$libinit$$0000002C  c_w.l(libinit2.o)
    0x0800016c   0x0800016c   0x00000000   Code   RO          999    .ARM.Collect$$libinit$$0000002E  c_w.l(libinit2.o)
    0x0800016c   0x0800016c   0x00000000   Code   RO         1001    .ARM.Collect$$libinit$$00000030  c_w.l(libinit2.o)
    0x0800016c   0x0800016c   0x00000000   Code   RO         1003    .ARM.Collect$$libinit$$00000032  c_w.l(libinit2.o)
    0x0800016c   0x0800016c   0x00000002   Code   RO         1004    .ARM.Collect$$libinit$$00000033  c_w.l(libinit2.o)
    0x0800016e   0x0800016e   0x00000002   Code   RO         1022    .ARM.Collect$$libshutdown$$00000000  c_w.l(libshutdown.o)
    0x08000170   0x08000170   0x00000000   Code   RO         1032    .ARM.Collect$$libshutdown$$00000002  c_w.l(libshutdown2.o)
    0x08000170   0x08000170   0x00000000   Code   RO         1034    .ARM.Collect$$libshutdown$$00000004  c_w.l(libshutdown2.o)
    0x08000170   0x08000170   0x00000000   Code   RO         1037    .ARM.Collect$$libshutdown$$00000007  c_w.l(libshutdown2.o)
    0x08000170   0x08000170   0x00000000   Code   RO         1040    .ARM.Collect$$libshutdown$$0000000A  c_w.l(libshutdown2.o)
    0x08000170   0x08000170   0x00000000   Code   RO         1042    .ARM.Collect$$libshutdown$$0000000C  c_w.l(libshutdown2.o)
    0x08000170   0x08000170   0x00000000   Code   RO         1045    .ARM.Collect$$libshutdown$$0000000F  c_w.l(libshutdown2.o)
    0x08000170   0x08000170   0x00000002   Code   RO         1046    .ARM.Collect$$libshutdown$$00000010  c_w.l(libshutdown2.o)
    0x08000172   0x08000172   0x00000000   Code   RO          916    .ARM.Collect$$rtentry$$00000000  c_w.l(__rtentry.o)
    0x08000172   0x08000172   0x00000000   Code   RO          923    .ARM.Collect$$rtentry$$00000002  c_w.l(__rtentry2.o)
    0x08000172   0x08000172   0x00000006   Code   RO          935    .ARM.Collect$$rtentry$$00000004  c_w.l(__rtentry4.o)
    0x08000178   0x08000178   0x00000000   Code   RO          925    .ARM.Collect$$rtentry$$00000009  c_w.l(__rtentry2.o)
    0x08000178   0x08000178   0x00000004   Code   RO          926    .ARM.Collect$$rtentry$$0000000A  c_w.l(__rtentry2.o)
    0x0800017c   0x0800017c   0x00000000   Code   RO          928    .ARM.Collect$$rtentry$$0000000C  c_w.l(__rtentry2.o)
    0x0800017c   0x0800017c   0x00000008   Code   RO          929    .ARM.Collect$$rtentry$$0000000D  c_w.l(__rtentry2.o)
    0x08000184   0x08000184   0x00000002   Code   RO          958    .ARM.Collect$$rtexit$$00000000  c_w.l(rtexit.o)
    0x08000186   0x08000186   0x00000000   Code   RO         1006    .ARM.Collect$$rtexit$$00000002  c_w.l(rtexit2.o)
    0x08000186   0x08000186   0x00000004   Code   RO         1007    .ARM.Collect$$rtexit$$00000003  c_w.l(rtexit2.o)
    0x0800018a   0x0800018a   0x00000006   Code   RO         1008    .ARM.Collect$$rtexit$$00000004  c_w.l(rtexit2.o)
    0x08000190   0x08000190   0x000004c8   Code   RO            1    .text               main.o
    0x08000658   0x08000658   0x00000016   Code   RO          174    .text               stm32f10x_it.o
    0x0800066e   0x0800066e   0x00000002   PAD
    0x08000670   0x08000670   0x000001e0   Code   RO          215    .text               system_stm32f10x.o
    0x08000850   0x08000850   0x000000e0   Code   RO          233    .text               led.o
    0x08000930   0x08000930   0x000000b8   Code   RO          249    .text               key.o
    0x080009e8   0x080009e8   0x000000dc   Code   RO          262    .text               timer.o
    0x08000ac4   0x08000ac4   0x000000e8   Code   RO          274    .text               adc.o
    0x08000bac   0x08000bac   0x00000088   Code   RO          286    .text               exti.o
    0x08000c34   0x08000c34   0x00000c08   Code   RO          299    .text               gui.o
    0x0800183c   0x0800183c   0x00000488   Code   RO          323    .text               lcd.o
    0x08001cc4   0x08001cc4   0x000000e0   Code   RO          345    .text               spi.o
    0x08001da4   0x08001da4   0x00000254   Code   RO          357    .text               dht11.o
    0x08001ff8   0x08001ff8   0x000000e0   Code   RO          372    .text               beep.o
    0x080020d8   0x080020d8   0x00000130   Code   RO          384    .text               delay.o
    0x08002208   0x08002208   0x00000148   Code   RO          415    .text               usart.o
    0x08002350   0x08002350   0x00000040   Code   RO          451    .text               startup_stm32f10x_md.o
    0x08002390   0x08002390   0x000000b4   Code   RO          455    .text               os_cpu_a.o
    0x08002444   0x08002444   0x000000ae   Code   RO          458    .text               os_cpu_c.o
    0x080024f2   0x080024f2   0x00000002   PAD
    0x080024f4   0x080024f4   0x00000890   Code   RO          480    .text               os_core.o
    0x08002d84   0x08002d84   0x0000080c   Code   RO          500    .text               os_flag.o
    0x08003590   0x08003590   0x000003cc   Code   RO          512    .text               os_mbox.o
    0x0800395c   0x0800395c   0x000005e8   Code   RO          542    .text               os_q.o
    0x08003f44   0x08003f44   0x0000038c   Code   RO          554    .text               os_sem.o
    0x080042d0   0x080042d0   0x000007c4   Code   RO          566    .text               os_task.o
    0x08004a94   0x08004a94   0x000001b0   Code   RO          578    .text               os_time.o
    0x08004c44   0x08004c44   0x000000dc   Code   RO          596    .text               misc.o
    0x08004d20   0x08004d20   0x0000044e   Code   RO          608    .text               stm32f10x_adc.o
    0x0800516e   0x0800516e   0x00000002   PAD
    0x08005170   0x08005170   0x0000011c   Code   RO          704    .text               stm32f10x_exti.o
    0x0800528c   0x0800528c   0x0000035c   Code   RO          740    .text               stm32f10x_gpio.o
    0x080055e8   0x080055e8   0x000003a4   Code   RO          788    .text               stm32f10x_rcc.o
    0x0800598c   0x0800598c   0x0000030c   Code   RO          826    .text               stm32f10x_spi.o
    0x08005c98   0x08005c98   0x00000e1a   Code   RO          838    .text               stm32f10x_tim.o
    0x08006ab2   0x08006ab2   0x00000002   PAD
    0x08006ab4   0x08006ab4   0x00000408   Code   RO          850    .text               stm32f10x_usart.o
    0x08006ebc   0x08006ebc   0x00000002   Code   RO          876    .text               c_w.l(use_no_semi_2.o)
    0x08006ebe   0x08006ebe   0x00000002   PAD
    0x08006ec0   0x08006ec0   0x00000018   Code   RO          880    .text               c_w.l(noretval__2printf.o)
    0x08006ed8   0x08006ed8   0x00000068   Code   RO          882    .text               c_w.l(__printf.o)
    0x08006f40   0x08006f40   0x00000078   Code   RO          884    .text               c_w.l(_printf_dec.o)
    0x08006fb8   0x08006fb8   0x0000003e   Code   RO          908    .text               c_w.l(strlen.o)
    0x08006ff6   0x08006ff6   0x00000006   Code   RO          910    .text               c_w.l(heapauxi.o)
    0x08006ffc   0x08006ffc   0x00000002   Code   RO          914    .text               c_w.l(use_no_semi.o)
    0x08006ffe   0x08006ffe   0x000000b2   Code   RO          917    .text               c_w.l(_printf_intcommon.o)
    0x080070b0   0x080070b0   0x00000024   Code   RO          919    .text               c_w.l(_printf_char_file.o)
    0x080070d4   0x080070d4   0x00000030   Code   RO          937    .text               c_w.l(_printf_char_common.o)
    0x08007104   0x08007104   0x00000008   Code   RO          939    .text               c_w.l(ferror.o)
    0x0800710c   0x0800710c   0x0000004a   Code   RO          943    .text               c_w.l(sys_stackheap_outer.o)
    0x08007156   0x08007156   0x00000012   Code   RO          947    .text               c_w.l(exit.o)
    0x08007168   0x08007168   0x00000008   Code   RO          955    .text               c_w.l(libspace.o)
    0x08007170   0x08007170   0x000016ae   Data   RO          300    .constdata          gui.o
    0x0800881e   0x0800881e   0x00000100   Data   RO          482    .constdata          os_core.o
    0x0800891e   0x0800891e   0x00000002   PAD
    0x08008920   0x08008920   0x00000020   Data   RO         1078    Region$$Table       anon$$obj.o


    Execution Region RW_IRAM1 (Exec base: 0x20000000, Load base: 0x08008940, Size: 0x00002d70, Max: 0x00005000, ABSOLUTE)

    Exec Addr    Load Addr    Size         Type   Attr      Idx    E Section Name        Object

    0x20000000   0x08008940   0x00000027   Data   RW            3    .data               main.o
    0x20000027   0x08008967   0x00000001   PAD
    0x20000028   0x08008968   0x00000014   Data   RW          216    .data               system_stm32f10x.o
    0x2000003c   0x0800897c   0x00000001   Data   RW          250    .data               key.o
    0x2000003d   0x0800897d   0x00000001   PAD
    0x2000003e   0x0800897e   0x00000006   Data   RW          325    .data               lcd.o
    0x20000044   0x08008984   0x0000000c   Data   RW          358    .data               dht11.o
    0x20000050   0x08008990   0x00000004   Data   RW          385    .data               delay.o
    0x20000054   0x08008994   0x00000006   Data   RW          417    .data               usart.o
    0x2000005a   0x0800899a   0x00000002   PAD
    0x2000005c   0x0800899c   0x00000048   Data   RW          483    .data               os_core.o
    0x200000a4   0x080089e4   0x00000014   Data   RW          789    .data               stm32f10x_rcc.o
    0x200000b8        -       0x00001b00   Zero   RW            2    .bss                main.o
    0x20001bb8        -       0x0000000e   Zero   RW          324    .bss                lcd.o
    0x20001bc6        -       0x000000c8   Zero   RW          416    .bss                usart.o
    0x20001c8e   0x080089f8   0x00000002   PAD
    0x20001c90        -       0x00000a80   Zero   RW          481    .bss                os_core.o
    0x20002710        -       0x00000060   Zero   RW          956    .bss                c_w.l(libspace.o)
    0x20002770        -       0x00000200   Zero   RW          449    HEAP                startup_stm32f10x_md.o
    0x20002970        -       0x00000400   Zero   RW          448    STACK               startup_stm32f10x_md.o


==============================================================================

Image component sizes


      Code (inc. data)   RO Data    RW Data    ZI Data      Debug   Object Name

       232          8          0          0          0       1075   adc.o
       224         28          0          0          0       1469   beep.o
       304         24          0          4          0       1717   delay.o
       596         36          0         12          0       2646   dht11.o
       136          0          0          0          0        569   exti.o
      3080         52       5806          0          0      11054   gui.o
       184         18          0          1          0        760   key.o
      1160         24          0          6         14       4797   lcd.o
       224         28          0          0          0       1437   led.o
      1224        140          0         39       6912     282081   main.o
       220         22          0          0          0       1741   misc.o
      2192        218        256         72       2688      14863   os_core.o
       180         36          0          0          0        304   os_cpu_a.o
       174          0          0          0          0      10290   os_cpu_c.o
      2060         42          0          0          0       7044   os_flag.o
       972         16          0          0          0       4250   os_mbox.o
      1512         30          0          0          0       5709   os_q.o
       908         18          0          0          0       3982   os_sem.o
      1988         70          0          0          0       7729   os_task.o
       432         30          0          0          0       1818   os_time.o
       224          8          0          0          0       1291   spi.o
        64         26        236          0       1536        772   startup_stm32f10x_md.o
      1102         26          0          0          0      10985   stm32f10x_adc.o
       284         10          0          0          0       2199   stm32f10x_exti.o
       860         38          0          0          0       5673   stm32f10x_gpio.o
        22          0          0          0          0        967   stm32f10x_it.o
       932         36          0         20          0       8824   stm32f10x_rcc.o
       780         14          0          0          0       6558   stm32f10x_spi.o
      3610         88          0          0          0      22784   stm32f10x_tim.o
      1032         22          0          0          0       8400   stm32f10x_usart.o
         0          0          0          0          0         32   sys.o
       480         38          0         20          0       1647   system_stm32f10x.o
       220          8          0          0          0       1034   timer.o
       328         18          0          6        200       3058   usart.o

    ----------------------------------------------------------------------
     27948       1172       6332        184      11352     439559   Object Totals
         0          0         32          0          0          0   (incl. Generated)
         8          0          2          4          2          0   (incl. Padding)

    ----------------------------------------------------------------------

      Code (inc. data)   RO Data    RW Data    ZI Data      Debug   Library Member Name

         8          0          0          0          0         68   __main.o
       104          0          0          0          0         84   __printf.o
         0          0          0          0          0          0   __rtentry.o
        12          0          0          0          0          0   __rtentry2.o
         6          0          0          0          0          0   __rtentry4.o
        52          8          0          0          0          0   __scatter.o
        26          0          0          0          0          0   __scatter_copy.o
        28          0          0          0          0          0   __scatter_zi.o
        48          6          0          0          0         96   _printf_char_common.o
        36          4          0          0          0         80   _printf_char_file.o
         6          0          0          0          0          0   _printf_d.o
       120         16          0          0          0         92   _printf_dec.o
       178          0          0          0          0         88   _printf_intcommon.o
         0          0          0          0          0          0   _printf_percent.o
         4          0          0          0          0          0   _printf_percent_end.o
        18          0          0          0          0         80   exit.o
         8          0          0          0          0         68   ferror.o
         6          0          0          0          0        152   heapauxi.o
         2          0          0          0          0          0   libinit.o
         2          0          0          0          0          0   libinit2.o
         2          0          0          0          0          0   libshutdown.o
         2          0          0          0          0          0   libshutdown2.o
         8          4          0          0         96         68   libspace.o
        24          4          0          0          0         84   noretval__2printf.o
         2          0          0          0          0          0   rtexit.o
        10          0          0          0          0          0   rtexit2.o
        62          0          0          0          0         76   strlen.o
        74          0          0          0          0         80   sys_stackheap_outer.o
         2          0          0          0          0         68   use_no_semi.o
         2          0          0          0          0         68   use_no_semi_2.o

    ----------------------------------------------------------------------
       856         42          0          0         96       1252   Library Totals
         4          0          0          0          0          0   (incl. Padding)

    ----------------------------------------------------------------------

      Code (inc. data)   RO Data    RW Data    ZI Data      Debug   Library Name

       852         42          0          0         96       1252   c_w.l

    ----------------------------------------------------------------------
       856         42          0          0         96       1252   Library Totals

    ----------------------------------------------------------------------

==============================================================================


      Code (inc. data)   RO Data    RW Data    ZI Data      Debug   

     28804       1214       6332        184      11448     437583   Grand Totals
     28804       1214       6332        184      11448     437583   ELF Image Totals
     28804       1214       6332        184          0          0   ROM Totals

==============================================================================

    Total RO  Size (Code + RO Data)                35136 (  34.31kB)
    Total RW  Size (RW Data + ZI Data)             11632 (  11.36kB)
    Total ROM Size (Code + RO Data + RW Data)      35320 (  34.49kB)

==============================================================================

